Copyright 1986-2022 Xilinx, Inc. All Rights Reserved. Copyright 2022-2026 Advanced Micro Devices, Inc. All Rights Reserved.
---------------------------------------------------------------------------------------------------------------------------------------------
| Tool Version : Vivado v.2026.1 (lin64) Build 6511674 Tue Jun 16 11:01:26 MDT 2026
| Date         : Wed Sep 30 17:44:59 2026
| Host         : vagrant-devbox running 64-bit Ubuntu 24.04.4 LTS
| Command      : report_timing_summary -check_timing_verbose -report_unconstrained -file routed_timing.rpt
| Design       : bench
| Device       : 7a200t-fbg676
| Speed File   : -1  PRODUCTION 1.23 2018-06-13
| Design State : Routed
---------------------------------------------------------------------------------------------------------------------------------------------

Timing Summary Report

------------------------------------------------------------------------------------------------
| Timer Settings
| --------------
------------------------------------------------------------------------------------------------

  Enable Multi Corner Analysis               :  Yes
  Enable Pessimism Removal                   :  Yes
  Pessimism Removal Resolution               :  Nearest Common Node
  Enable Input Delay Default Clock           :  No
  Enable Preset / Clear Arcs                 :  No
  Disable Flight Delays                      :  No
  Ignore I/O Paths                           :  No
  Timing Early Launch at Borrowing Latches   :  No
  Borrow Time for Max Delay Exceptions       :  Yes
  Merge Timing Exceptions                    :  Yes
  Inter-SLR Compensation                     :  Conservative

  Corner  Analyze    Analyze    
  Name    Max Paths  Min Paths  
  ------  ---------  ---------  
  Slow    Yes        Yes        
  Fast    Yes        Yes        


------------------------------------------------------------------------------------------------
| Report Methodology
| ------------------
------------------------------------------------------------------------------------------------

No report available as report_methodology has not been run prior. Run report_methodology on the current design for the summary of methodology violations.



check_timing report

Table of Contents
-----------------
1. checking no_clock (0)
2. checking constant_clock (0)
3. checking pulse_width_clock (0)
4. checking unconstrained_internal_endpoints (0)
5. checking no_input_delay (0)
6. checking no_output_delay (0)
7. checking multiple_clock (0)
8. checking generated_clocks (0)
9. checking loops (0)
10. checking partial_input_delay (0)
11. checking partial_output_delay (0)
12. checking latch_loops (0)

1. checking no_clock (0)
------------------------
 There are 0 register/latch pins with no clock.


2. checking constant_clock (0)
------------------------------
 There are 0 register/latch pins with constant_clock.


3. checking pulse_width_clock (0)
---------------------------------
 There are 0 register/latch pins which need pulse_width check


4. checking unconstrained_internal_endpoints (0)
------------------------------------------------
 There are 0 pins that are not constrained for maximum delay.

 There are 0 pins that are not constrained for maximum delay due to constant clock.


5. checking no_input_delay (0)
------------------------------
 There are 0 input ports with no input delay specified.

 There are 0 input ports with no input delay but user has a false path constraint.


6. checking no_output_delay (0)
-------------------------------
 There are 0 ports with no output delay specified.

 There are 0 ports with no output delay but user has a false path constraint

 There are 0 ports with no output delay but with a timing clock defined on it or propagating through it


7. checking multiple_clock (0)
------------------------------
 There are 0 register/latch pins with multiple clocks.


8. checking generated_clocks (0)
--------------------------------
 There are 0 generated clocks that are not connected to a clock source.


9. checking loops (0)
---------------------
 There are 0 combinational loops in the design.


10. checking partial_input_delay (0)
------------------------------------
 There are 0 input ports with partial input delay specified.


11. checking partial_output_delay (0)
-------------------------------------
 There are 0 ports with partial output delay specified.


12. checking latch_loops (0)
----------------------------
 There are 0 combinational latch loops in the design through latch input



------------------------------------------------------------------------------------------------
| Design Timing Summary
| ---------------------
------------------------------------------------------------------------------------------------

    WNS(ns)      TNS(ns)  TNS Failing Endpoints  TNS Total Endpoints      WHS(ns)      THS(ns)  THS Failing Endpoints  THS Total Endpoints     WPWS(ns)     TPWS(ns)  TPWS Failing Endpoints  TPWS Total Endpoints  
    -------      -------  ---------------------  -------------------      -------      -------  ---------------------  -------------------     --------     --------  ----------------------  --------------------  
      5.180        0.000                      0                 2451       -1.475    -1128.618                   1015                 2451        9.500        0.000                       0                   775  


Timing constraints are not met.


------------------------------------------------------------------------------------------------
| Clock Summary
| -------------
------------------------------------------------------------------------------------------------

Clock  Waveform(ns)       Period(ns)      Frequency(MHz)
-----  ------------       ----------      --------------
clock  {0.000 10.000}     20.000          50.000          


------------------------------------------------------------------------------------------------
| Intra Clock Table
| -----------------
------------------------------------------------------------------------------------------------

Clock             WNS(ns)      TNS(ns)  TNS Failing Endpoints  TNS Total Endpoints      WHS(ns)      THS(ns)  THS Failing Endpoints  THS Total Endpoints     WPWS(ns)     TPWS(ns)  TPWS Failing Endpoints  TPWS Total Endpoints  
-----             -------      -------  ---------------------  -------------------      -------      -------  ---------------------  -------------------     --------     --------  ----------------------  --------------------  
clock               5.180        0.000                      0                 2451       -1.475    -1128.618                   1015                 2451        9.500        0.000                       0                   775  


------------------------------------------------------------------------------------------------
| Inter Clock Table
| -----------------
------------------------------------------------------------------------------------------------

From Clock    To Clock          WNS(ns)      TNS(ns)  TNS Failing Endpoints  TNS Total Endpoints      WHS(ns)      THS(ns)  THS Failing Endpoints  THS Total Endpoints  
----------    --------          -------      -------  ---------------------  -------------------      -------      -------  ---------------------  -------------------  


------------------------------------------------------------------------------------------------
| Other Path Groups Table
| -----------------------
------------------------------------------------------------------------------------------------

Path Group    From Clock    To Clock          WNS(ns)      TNS(ns)  TNS Failing Endpoints  TNS Total Endpoints      WHS(ns)      THS(ns)  THS Failing Endpoints  THS Total Endpoints  
----------    ----------    --------          -------      -------  ---------------------  -------------------      -------      -------  ---------------------  -------------------  


------------------------------------------------------------------------------------------------
| User Ignored Path Table
| -----------------------
------------------------------------------------------------------------------------------------

Path Group    From Clock    To Clock    
----------    ----------    --------    


------------------------------------------------------------------------------------------------
| Unconstrained Path Table
| ------------------------
------------------------------------------------------------------------------------------------

Path Group    From Clock    To Clock    
----------    ----------    --------    


------------------------------------------------------------------------------------------------
| Timing Details
| --------------
------------------------------------------------------------------------------------------------


---------------------------------------------------------------------------------------------------
From Clock:  clock
  To Clock:  clock

Setup :            0  Failing Endpoints,  Worst Slack        5.180ns,  Total Violation        0.000ns
Hold  :         1015  Failing Endpoints,  Worst Slack       -1.475ns,  Total Violation    -1128.618ns
PW    :            0  Failing Endpoints,  Worst Slack        9.500ns,  Total Violation        0.000ns
---------------------------------------------------------------------------------------------------


Max Delay Paths
--------------------------------------------------------------------------------------
Slack (MET) :             5.180ns  (required time - arrival time)
  Source:                 dut/remainder_reg[4]/C
                            (rising edge-triggered cell FDRE clocked by clock  {rise@0.000ns fall@10.000ns period=20.000ns})
  Destination:            dut/ctor_result_reg[63]/D
                            (rising edge-triggered cell FDRE clocked by clock  {rise@0.000ns fall@10.000ns period=20.000ns})
  Path Group:             clock
  Path Type:              Setup (Max at Slow Process Corner)
  Requirement:            20.000ns  (clock rise@20.000ns - clock rise@0.000ns)
  Data Path Delay:        14.833ns  (logic 6.985ns (47.091%)  route 7.848ns (52.909%))
  Logic Levels:           38  (CARRY4=32 LUT2=2 LUT4=1 LUT6=3)
  Clock Path Skew:        -0.031ns (DCD - SCD + CPR)
    Destination Clock Delay (DCD):    1.822ns = ( 21.822 - 20.000 ) 
    Source Clock Delay      (SCD):    1.940ns
    Clock Pessimism Removal (CPR):    0.087ns
  Clock Uncertainty:      0.035ns  ((TSJ^2 + TIJ^2)^1/2 + DJ) / 2 + PE
    Total System Jitter     (TSJ):    0.071ns
    Total Input Jitter      (TIJ):    0.000ns
    Discrete Jitter          (DJ):    0.000ns
    Phase Error              (PE):    0.000ns

    Location             Delay type                Incr(ns)  Path(ns)    Netlist Resource(s)
  -------------------------------------------------------------------    -------------------
                         (clock clock rise edge)      0.000     0.000 r  <hidden>
                                                      0.000     0.000 r  clk
                         net (fo=774, unset)          1.940     1.940    dut/clk
    SLICE_X25Y93         FDRE                                         r  dut/remainder_reg[4]/C
  -------------------------------------------------------------------    -------------------
    SLICE_X25Y93         FDRE (Prop_fdre_C_Q)         0.456     2.396 r  dut/remainder_reg[4]/Q
                         net (fo=9, routed)           1.214     3.610    dut/p_0_in1_in[5]
    SLICE_X21Y92         LUT2 (Prop_lut2_I1_O)        0.124     3.734 r  dut/ctor_result[0]_i_279/O
                         net (fo=1, routed)           0.000     3.734    dut/ctor_result[0]_i_279_n_0
    SLICE_X21Y92         CARRY4 (Prop_carry4_S[0]_CO[3])
                                                      0.532     4.266 r  dut/ctor_result_reg[0]_i_244/CO[3]
                         net (fo=1, routed)           0.000     4.266    dut/ctor_result_reg[0]_i_244_n_0
    SLICE_X21Y93         CARRY4 (Prop_carry4_CI_CO[3])
                                                      0.114     4.380 r  dut/ctor_result_reg[0]_i_243/CO[3]
                         net (fo=1, routed)           0.000     4.380    dut/ctor_result_reg[0]_i_243_n_0
    SLICE_X21Y94         CARRY4 (Prop_carry4_CI_CO[3])
                                                      0.114     4.494 r  dut/ctor_result_reg[0]_i_216/CO[3]
                         net (fo=1, routed)           0.000     4.494    dut/ctor_result_reg[0]_i_216_n_0
    SLICE_X21Y95         CARRY4 (Prop_carry4_CI_CO[3])
                                                      0.114     4.608 r  dut/ctor_result_reg[0]_i_215/CO[3]
                         net (fo=1, routed)           0.000     4.608    dut/ctor_result_reg[0]_i_215_n_0
    SLICE_X21Y96         CARRY4 (Prop_carry4_CI_CO[3])
                                                      0.114     4.722 r  dut/ctor_result_reg[0]_i_214/CO[3]
                         net (fo=1, routed)           0.000     4.722    dut/ctor_result_reg[0]_i_214_n_0
    SLICE_X21Y97         CARRY4 (Prop_carry4_CI_CO[3])
                                                      0.114     4.836 r  dut/ctor_result_reg[0]_i_175/CO[3]
                         net (fo=1, routed)           0.000     4.836    dut/ctor_result_reg[0]_i_175_n_0
    SLICE_X21Y98         CARRY4 (Prop_carry4_CI_CO[3])
                                                      0.114     4.950 r  dut/ctor_result_reg[0]_i_174/CO[3]
                         net (fo=1, routed)           0.000     4.950    dut/ctor_result_reg[0]_i_174_n_0
    SLICE_X21Y99         CARRY4 (Prop_carry4_CI_CO[3])
                                                      0.114     5.064 r  dut/ctor_result_reg[0]_i_173/CO[3]
                         net (fo=1, routed)           0.001     5.064    dut/ctor_result_reg[0]_i_173_n_0
    SLICE_X21Y100        CARRY4 (Prop_carry4_CI_CO[3])
                                                      0.114     5.178 r  dut/ctor_result_reg[0]_i_128/CO[3]
                         net (fo=1, routed)           0.000     5.178    dut/ctor_result_reg[0]_i_128_n_0
    SLICE_X21Y101        CARRY4 (Prop_carry4_CI_CO[3])
                                                      0.114     5.292 r  dut/ctor_result_reg[0]_i_127/CO[3]
                         net (fo=1, routed)           0.000     5.292    dut/ctor_result_reg[0]_i_127_n_0
    SLICE_X21Y102        CARRY4 (Prop_carry4_CI_CO[3])
                                                      0.114     5.406 r  dut/ctor_result_reg[0]_i_126/CO[3]
                         net (fo=1, routed)           0.000     5.406    dut/ctor_result_reg[0]_i_126_n_0
    SLICE_X21Y103        CARRY4 (Prop_carry4_CI_CO[3])
                                                      0.114     5.520 r  dut/ctor_result_reg[0]_i_88/CO[3]
                         net (fo=1, routed)           0.000     5.520    dut/ctor_result_reg[0]_i_88_n_0
    SLICE_X21Y104        CARRY4 (Prop_carry4_CI_CO[3])
                                                      0.114     5.634 r  dut/ctor_result_reg[0]_i_87/CO[3]
                         net (fo=1, routed)           0.000     5.634    dut/ctor_result_reg[0]_i_87_n_0
    SLICE_X21Y105        CARRY4 (Prop_carry4_CI_O[3])
                                                      0.313     5.947 r  dut/ctor_result_reg[0]_i_86/O[3]
                         net (fo=3, routed)           1.215     7.162    dut/ctor_result_reg[0]_i_86_n_4
    SLICE_X18Y101        LUT6 (Prop_lut6_I1_O)        0.306     7.468 r  dut/ctor_result[0]_i_48/O
                         net (fo=1, routed)           0.000     7.468    dut/ctor_result[0]_i_48_n_0
    SLICE_X18Y101        CARRY4 (Prop_carry4_S[3]_CO[3])
                                                      0.376     7.844 r  dut/ctor_result_reg[0]_i_23/CO[3]
                         net (fo=1, routed)           0.000     7.844    dut/ctor_result_reg[0]_i_23_n_0
    SLICE_X18Y102        CARRY4 (Prop_carry4_CI_CO[1])
                                                      0.157     8.001 r  dut/ctor_result_reg[0]_i_9/CO[1]
                         net (fo=1, routed)           0.875     8.877    dut/q_next4
    SLICE_X15Y100        LUT4 (Prop_lut4_I0_O)        0.332     9.209 r  dut/ctor_result[0]_i_4/O
                         net (fo=128, routed)         1.700    10.909    dut/ctor_result[0]_i_4_n_0
    SLICE_X10Y82         LUT2 (Prop_lut2_I0_O)        0.124    11.033 r  dut/ctor_result[4]_i_8/O
                         net (fo=1, routed)           0.617    11.650    dut/ctor_result[4]_i_8_n_0
    SLICE_X8Y82          CARRY4 (Prop_carry4_CYINIT_CO[3])
                                                      0.595    12.245 r  dut/ctor_result_reg[4]_i_5/CO[3]
                         net (fo=1, routed)           0.000    12.245    dut/ctor_result_reg[4]_i_5_n_0
    SLICE_X8Y83          CARRY4 (Prop_carry4_CI_CO[3])
                                                      0.117    12.362 r  dut/ctor_result_reg[8]_i_6/CO[3]
                         net (fo=1, routed)           0.000    12.362    dut/ctor_result_reg[8]_i_6_n_0
    SLICE_X8Y84          CARRY4 (Prop_carry4_CI_CO[3])
                                                      0.117    12.479 r  dut/ctor_result_reg[12]_i_6/CO[3]
                         net (fo=1, routed)           0.000    12.479    dut/ctor_result_reg[12]_i_6_n_0
    SLICE_X8Y85          CARRY4 (Prop_carry4_CI_CO[3])
                                                      0.117    12.596 r  dut/ctor_result_reg[16]_i_6/CO[3]
                         net (fo=1, routed)           0.000    12.596    dut/ctor_result_reg[16]_i_6_n_0
    SLICE_X8Y86          CARRY4 (Prop_carry4_CI_CO[3])
                                                      0.117    12.713 r  dut/ctor_result_reg[24]_i_5/CO[3]
                         net (fo=1, routed)           0.000    12.713    dut/ctor_result_reg[24]_i_5_n_0
    SLICE_X8Y87          CARRY4 (Prop_carry4_CI_CO[3])
                                                      0.117    12.830 r  dut/ctor_result_reg[24]_i_2/CO[3]
                         net (fo=1, routed)           0.000    12.830    dut/ctor_result_reg[24]_i_2_n_0
    SLICE_X8Y88          CARRY4 (Prop_carry4_CI_CO[3])
                                                      0.117    12.947 r  dut/ctor_result_reg[28]_i_2/CO[3]
                         net (fo=1, routed)           0.000    12.947    dut/ctor_result_reg[28]_i_2_n_0
    SLICE_X8Y89          CARRY4 (Prop_carry4_CI_CO[3])
                                                      0.117    13.064 r  dut/ctor_result_reg[31]_i_4/CO[3]
                         net (fo=1, routed)           0.000    13.064    dut/ctor_result_reg[31]_i_4_n_0
    SLICE_X8Y90          CARRY4 (Prop_carry4_CI_CO[3])
                                                      0.117    13.181 r  dut/ctor_result_reg[36]_i_5/CO[3]
                         net (fo=1, routed)           0.000    13.181    dut/ctor_result_reg[36]_i_5_n_0
    SLICE_X8Y91          CARRY4 (Prop_carry4_CI_CO[3])
                                                      0.117    13.298 r  dut/ctor_result_reg[40]_i_6/CO[3]
                         net (fo=1, routed)           0.000    13.298    dut/ctor_result_reg[40]_i_6_n_0
    SLICE_X8Y92          CARRY4 (Prop_carry4_CI_CO[3])
                                                      0.117    13.415 r  dut/ctor_result_reg[44]_i_5/CO[3]
                         net (fo=1, routed)           0.000    13.415    dut/ctor_result_reg[44]_i_5_n_0
    SLICE_X8Y93          CARRY4 (Prop_carry4_CI_CO[3])
                                                      0.117    13.532 r  dut/ctor_result_reg[48]_i_5/CO[3]
                         net (fo=1, routed)           0.000    13.532    dut/ctor_result_reg[48]_i_5_n_0
    SLICE_X8Y94          CARRY4 (Prop_carry4_CI_CO[3])
                                                      0.117    13.649 r  dut/ctor_result_reg[52]_i_5/CO[3]
                         net (fo=1, routed)           0.000    13.649    dut/ctor_result_reg[52]_i_5_n_0
    SLICE_X8Y95          CARRY4 (Prop_carry4_CI_CO[3])
                                                      0.117    13.766 r  dut/ctor_result_reg[56]_i_6/CO[3]
                         net (fo=1, routed)           0.000    13.766    dut/ctor_result_reg[56]_i_6_n_0
    SLICE_X8Y96          CARRY4 (Prop_carry4_CI_CO[3])
                                                      0.117    13.883 r  dut/ctor_result_reg[60]_i_5/CO[3]
                         net (fo=1, routed)           0.000    13.883    dut/ctor_result_reg[60]_i_5_n_0
    SLICE_X8Y97          CARRY4 (Prop_carry4_CI_O[2])
                                                      0.239    14.122 r  dut/ctor_result_reg[63]_i_13/O[2]
                         net (fo=1, routed)           0.461    14.584    dut/ctor_result01_in[63]
    SLICE_X9Y98          LUT6 (Prop_lut6_I3_O)        0.301    14.885 r  dut/ctor_result[63]_i_7/O
                         net (fo=1, routed)           1.764    16.649    dut/ctor_result[63]_i_7_n_0
    SLICE_X8Y99          LUT6 (Prop_lut6_I4_O)        0.124    16.773 r  dut/ctor_result[63]_i_2/O
                         net (fo=1, routed)           0.000    16.773    dut/ctor_result[63]_i_2_n_0
    SLICE_X8Y99          FDRE                                         r  dut/ctor_result_reg[63]/D
  -------------------------------------------------------------------    -------------------

                         (clock clock rise edge)     20.000    20.000 r  <hidden>
                                                      0.000    20.000 r  clk
                         net (fo=774, unset)          1.822    21.822    dut/clk
    SLICE_X8Y99          FDRE                                         r  dut/ctor_result_reg[63]/C
                         clock pessimism              0.087    21.909    <hidden>
                         clock uncertainty           -0.035    21.874    <hidden>
    SLICE_X8Y99          FDRE (Setup_fdre_C_D)        0.079    21.953    dut/ctor_result_reg[63]
  -------------------------------------------------------------------
                         required time                         21.953    <hidden>
                         arrival time                         -16.773    <hidden>
  -------------------------------------------------------------------
                         slack                                  5.180    <hidden>





Min Delay Paths
--------------------------------------------------------------------------------------
Slack (VIOLATED) :        -1.475ns  (arrival time - required time)
  Source:                 b[24]
                            (input port clocked by clock  {rise@0.000ns fall@10.000ns period=20.000ns})
  Destination:            dut/divisor_reg[24]/D
                            (rising edge-triggered cell FDRE clocked by clock  {rise@0.000ns fall@10.000ns period=20.000ns})
  Path Group:             clock
  Path Type:              Hold (Min at Slow Process Corner)
  Requirement:            0.000ns  (clock rise@0.000ns - clock rise@0.000ns)
  Data Path Delay:        0.924ns  (logic 0.000ns (0.000%)  route 0.924ns (100.000%))
  Logic Levels:           0  
  Input Delay:            0.000ns
  Clock Path Skew:        1.946ns (DCD - SCD - CPR)
    Destination Clock Delay (DCD):    1.946ns
    Source Clock Delay      (SCD):    0.000ns
    Clock Pessimism Removal (CPR):    -0.000ns
  Clock Uncertainty:      0.035ns  ((TSJ^2 + TIJ^2)^1/2 + DJ) / 2 + PE
    Total System Jitter     (TSJ):    0.071ns
    Total Input Jitter      (TIJ):    0.000ns
    Discrete Jitter          (DJ):    0.000ns
    Phase Error              (PE):    0.000ns

    Location             Delay type                Incr(ns)  Path(ns)    Netlist Resource(s)
  -------------------------------------------------------------------    -------------------
                         (clock clock rise edge)      0.000     0.000 r  <hidden>
                         input delay                  0.000     0.000    <hidden>
                                                      0.000     0.000 r  b[24]
                         net (fo=4, unset)            0.924     0.924    dut/b[24]
    SLICE_X22Y97         FDRE                                         r  dut/divisor_reg[24]/D
  -------------------------------------------------------------------    -------------------

                         (clock clock rise edge)      0.000     0.000 r  <hidden>
                                                      0.000     0.000 r  clk
                         net (fo=774, unset)          1.946     1.946    dut/clk
    SLICE_X22Y97         FDRE                                         r  dut/divisor_reg[24]/C
                         clock pessimism              0.000     1.946    <hidden>
                         clock uncertainty            0.035     1.981    <hidden>
    SLICE_X22Y97         FDRE (Hold_fdre_C_D)         0.418     2.399    dut/divisor_reg[24]
  -------------------------------------------------------------------
                         required time                         -2.399    <hidden>
                         arrival time                           0.924    <hidden>
  -------------------------------------------------------------------
                         slack                                 -1.475    <hidden>





Pulse Width Checks
--------------------------------------------------------------------------------------
Clock Name:         clock
Waveform(ns):       { 0.000 10.000 }
Period(ns):         20.000
Sources:            { clk }

Check Type        Corner  Lib Pin      Reference Pin  Required(ns)  Actual(ns)  Slack(ns)  Location      Pin
Min Period        n/a     DSP48E1/CLK  n/a            3.884         20.000      16.116     DSP48_X0Y35   dut/products_reg[1]/CLK
Low Pulse Width   Slow    FDRE/C       n/a            0.500         10.000      9.500      SLICE_X12Y99  dut/ctor_acknowledge_reg/C
High Pulse Width  Slow    FDRE/C       n/a            0.500         10.000      9.500      SLICE_X12Y99  dut/ctor_acknowledge_reg/C



