Using extension VHDL v0.0.0-0000000 for compilation.
Compiling Livt.HxS.lvt
Compiling Livt.Lang.Annotations.lvt
Compiling Livt.Lang.Types.lvt
Compiling Livt.Lang.lvt
Compiling Livt.lvt
Compiling GenericConsumer.lvt
Compiling ConsumerTest.lvt
Compiling UQ8.lvt
Compiling ReciprocalSqrtQ15.lvt
Compiling Q7.lvt
Compiling Q15.lvt
Compiling Lcg16.lvt
Compiling Xorshift24.lvt
Compiling SqrtNewtonRaphson.lvt
Compiling SqrtLUT.lvt
Compiling SqrtInt32.lvt
Compiling TrigQ15.lvt
Compiling TanhQ15.lvt
Compiling ComplexQ15.lvt
Compiling UnsignedDivision.lvt
Compiling IIntegerDivision.lvt
Compiling WideArithmetic.lvt
Compiling IntegerDivision.lvt
Compiling MacInt32.lvt
Compiling UnsignedDivideInt32.lvt
Compiling MacUnit.lvt
Compiling WideArithmeticPrimitive.lvt
Compiling ArrayIterator.lvt
Compiling Convert.lvt
Compiling Format.lvt
Compiling PeriodicTickProvider1ms.lvt
Compiling PeriodicTickProvider10ms.lvt
Compiling PeriodicTickProvider.lvt
Compiling Bits.lvt
Compiling PeriodicTickProvider1us.lvt
Compiling String.lvt
Compiling Ascii.lvt
Compiling Diagnostics.lvt
Compiling PeriodicTickProvider100ms.lvt
Compiling PeriodicTickProvider1s.lvt
Compiling Array.lvt
Compiling Iteration.lvt
Using extension HxS v0.0.0-0000000 for compilation.
/tmp/livt-division-change/consumer/out/debug/tests/Division.Tests.ConsumerTest.vhd:562:57:@3105ns:(report note): Simulation finished
1 passed, 0 failed, 0 skipped
Finished in 19.03s
