Copyright 1986-2022 Xilinx, Inc. All Rights Reserved. Copyright 2022-2026 Advanced Micro Devices, Inc. All Rights Reserved.
---------------------------------------------------------------------------------------------------------------------------------------------------------
| Tool Version : Vivado v.2026.1 (lin64) Build 6511674 Tue Jun 16 11:01:26 MDT 2026
| Date         : Wed Sep 30 11:23:11 2026
| Host         : vagrant-devbox running 64-bit Ubuntu 24.04.4 LTS
| Command      : report_timing_summary -report_unconstrained -check_timing_verbose -file /tmp/livt-division-change/divider-synthesis-complete/timing.rpt
| Design       : livt_math_arithmetic_unsigneddivision_g_31_sig_00e979e2352c_slice
| Device       : 7a100t-csg324
| Speed File   : -1  PRODUCTION 1.23 2018-06-13
| Design State : Synthesized
---------------------------------------------------------------------------------------------------------------------------------------------------------

Timing Summary Report

------------------------------------------------------------------------------------------------
| Timer Settings
| --------------
------------------------------------------------------------------------------------------------

  Enable Multi Corner Analysis               :  Yes
  Enable Pessimism Removal                   :  Yes
  Pessimism Removal Resolution               :  Nearest Common Node
  Enable Input Delay Default Clock           :  No
  Enable Preset / Clear Arcs                 :  No
  Disable Flight Delays                      :  No
  Ignore I/O Paths                           :  No
  Timing Early Launch at Borrowing Latches   :  No
  Borrow Time for Max Delay Exceptions       :  Yes
  Merge Timing Exceptions                    :  Yes
  Inter-SLR Compensation                     :  Conservative

  Corner  Analyze    Analyze    
  Name    Max Paths  Min Paths  
  ------  ---------  ---------  
  Slow    Yes        Yes        
  Fast    Yes        Yes        


------------------------------------------------------------------------------------------------
| Report Methodology
| ------------------
------------------------------------------------------------------------------------------------

No report available as report_methodology has not been run prior. Run report_methodology on the current design for the summary of methodology violations.



check_timing report

Table of Contents
-----------------
1. checking no_clock (0)
2. checking constant_clock (0)
3. checking pulse_width_clock (0)
4. checking unconstrained_internal_endpoints (0)
5. checking no_input_delay (264)
6. checking no_output_delay (169)
7. checking multiple_clock (0)
8. checking generated_clocks (0)
9. checking loops (0)
10. checking partial_input_delay (0)
11. checking partial_output_delay (0)
12. checking latch_loops (0)

1. checking no_clock (0)
------------------------
 There are 0 register/latch pins with no clock.


2. checking constant_clock (0)
------------------------------
 There are 0 register/latch pins with constant_clock.


3. checking pulse_width_clock (0)
---------------------------------
 There are 0 register/latch pins which need pulse_width check


4. checking unconstrained_internal_endpoints (0)
------------------------------------------------
 There are 0 pins that are not constrained for maximum delay.

 There are 0 pins that are not constrained for maximum delay due to constant clock.


5. checking no_input_delay (264)
--------------------------------
 There are 264 input ports with no input delay specified. (HIGH)

Rst
compute_in[dividend][0]
compute_in[dividend][10]
compute_in[dividend][11]
compute_in[dividend][12]
compute_in[dividend][13]
compute_in[dividend][14]
compute_in[dividend][15]
compute_in[dividend][16]
compute_in[dividend][17]
compute_in[dividend][18]
compute_in[dividend][19]
compute_in[dividend][1]
compute_in[dividend][20]
compute_in[dividend][21]
compute_in[dividend][22]
compute_in[dividend][23]
compute_in[dividend][24]
compute_in[dividend][25]
compute_in[dividend][26]
compute_in[dividend][27]
compute_in[dividend][28]
compute_in[dividend][29]
compute_in[dividend][2]
compute_in[dividend][30]
compute_in[dividend][31]
compute_in[dividend][3]
compute_in[dividend][4]
compute_in[dividend][5]
compute_in[dividend][6]
compute_in[dividend][7]
compute_in[dividend][8]
compute_in[dividend][9]
compute_in[divisor][0]
compute_in[divisor][10]
compute_in[divisor][11]
compute_in[divisor][12]
compute_in[divisor][13]
compute_in[divisor][14]
compute_in[divisor][15]
compute_in[divisor][16]
compute_in[divisor][17]
compute_in[divisor][18]
compute_in[divisor][19]
compute_in[divisor][1]
compute_in[divisor][20]
compute_in[divisor][21]
compute_in[divisor][22]
compute_in[divisor][23]
compute_in[divisor][24]
compute_in[divisor][25]
compute_in[divisor][26]
compute_in[divisor][27]
compute_in[divisor][28]
compute_in[divisor][29]
compute_in[divisor][2]
compute_in[divisor][30]
compute_in[divisor][31]
compute_in[divisor][3]
compute_in[divisor][4]
compute_in[divisor][5]
compute_in[divisor][6]
compute_in[divisor][7]
compute_in[divisor][8]
compute_in[divisor][9]
compute_in[run]
divide_in[dividend][0]
divide_in[dividend][10]
divide_in[dividend][11]
divide_in[dividend][12]
divide_in[dividend][13]
divide_in[dividend][14]
divide_in[dividend][15]
divide_in[dividend][16]
divide_in[dividend][17]
divide_in[dividend][18]
divide_in[dividend][19]
divide_in[dividend][1]
divide_in[dividend][20]
divide_in[dividend][21]
divide_in[dividend][22]
divide_in[dividend][23]
divide_in[dividend][24]
divide_in[dividend][25]
divide_in[dividend][26]
divide_in[dividend][27]
divide_in[dividend][28]
divide_in[dividend][29]
divide_in[dividend][2]
divide_in[dividend][30]
divide_in[dividend][31]
divide_in[dividend][3]
divide_in[dividend][4]
divide_in[dividend][5]
divide_in[dividend][6]
divide_in[dividend][7]
divide_in[dividend][8]
divide_in[dividend][9]
divide_in[divisor][0]
divide_in[divisor][10]
divide_in[divisor][11]
divide_in[divisor][12]
divide_in[divisor][13]
divide_in[divisor][14]
divide_in[divisor][15]
divide_in[divisor][16]
divide_in[divisor][17]
divide_in[divisor][18]
divide_in[divisor][19]
divide_in[divisor][1]
divide_in[divisor][20]
divide_in[divisor][21]
divide_in[divisor][22]
divide_in[divisor][23]
divide_in[divisor][24]
divide_in[divisor][25]
divide_in[divisor][26]
divide_in[divisor][27]
divide_in[divisor][28]
divide_in[divisor][29]
divide_in[divisor][2]
divide_in[divisor][30]
divide_in[divisor][31]
divide_in[divisor][3]
divide_in[divisor][4]
divide_in[divisor][5]
divide_in[divisor][6]
divide_in[divisor][7]
divide_in[divisor][8]
divide_in[divisor][9]
divide_in[run]
failed_in[run]
getquotient_in[run]
getremainder_in[run]
moduloeuclidean_in[dividend][0]
moduloeuclidean_in[dividend][10]
moduloeuclidean_in[dividend][11]
moduloeuclidean_in[dividend][12]
moduloeuclidean_in[dividend][13]
moduloeuclidean_in[dividend][14]
moduloeuclidean_in[dividend][15]
moduloeuclidean_in[dividend][16]
moduloeuclidean_in[dividend][17]
moduloeuclidean_in[dividend][18]
moduloeuclidean_in[dividend][19]
moduloeuclidean_in[dividend][1]
moduloeuclidean_in[dividend][20]
moduloeuclidean_in[dividend][21]
moduloeuclidean_in[dividend][22]
moduloeuclidean_in[dividend][23]
moduloeuclidean_in[dividend][24]
moduloeuclidean_in[dividend][25]
moduloeuclidean_in[dividend][26]
moduloeuclidean_in[dividend][27]
moduloeuclidean_in[dividend][28]
moduloeuclidean_in[dividend][29]
moduloeuclidean_in[dividend][2]
moduloeuclidean_in[dividend][30]
moduloeuclidean_in[dividend][31]
moduloeuclidean_in[dividend][3]
moduloeuclidean_in[dividend][4]
moduloeuclidean_in[dividend][5]
moduloeuclidean_in[dividend][6]
moduloeuclidean_in[dividend][7]
moduloeuclidean_in[dividend][8]
moduloeuclidean_in[dividend][9]
moduloeuclidean_in[divisor][0]
moduloeuclidean_in[divisor][10]
moduloeuclidean_in[divisor][11]
moduloeuclidean_in[divisor][12]
moduloeuclidean_in[divisor][13]
moduloeuclidean_in[divisor][14]
moduloeuclidean_in[divisor][15]
moduloeuclidean_in[divisor][16]
moduloeuclidean_in[divisor][17]
moduloeuclidean_in[divisor][18]
moduloeuclidean_in[divisor][19]
moduloeuclidean_in[divisor][1]
moduloeuclidean_in[divisor][20]
moduloeuclidean_in[divisor][21]
moduloeuclidean_in[divisor][22]
moduloeuclidean_in[divisor][23]
moduloeuclidean_in[divisor][24]
moduloeuclidean_in[divisor][25]
moduloeuclidean_in[divisor][26]
moduloeuclidean_in[divisor][27]
moduloeuclidean_in[divisor][28]
moduloeuclidean_in[divisor][29]
moduloeuclidean_in[divisor][2]
moduloeuclidean_in[divisor][30]
moduloeuclidean_in[divisor][31]
moduloeuclidean_in[divisor][3]
moduloeuclidean_in[divisor][4]
moduloeuclidean_in[divisor][5]
moduloeuclidean_in[divisor][6]
moduloeuclidean_in[divisor][7]
moduloeuclidean_in[divisor][8]
moduloeuclidean_in[divisor][9]
moduloeuclidean_in[run]
remainder_in[dividend][0]
remainder_in[dividend][10]
remainder_in[dividend][11]
remainder_in[dividend][12]
remainder_in[dividend][13]
remainder_in[dividend][14]
remainder_in[dividend][15]
remainder_in[dividend][16]
remainder_in[dividend][17]
remainder_in[dividend][18]
remainder_in[dividend][19]
remainder_in[dividend][1]
remainder_in[dividend][20]
remainder_in[dividend][21]
remainder_in[dividend][22]
remainder_in[dividend][23]
remainder_in[dividend][24]
remainder_in[dividend][25]
remainder_in[dividend][26]
remainder_in[dividend][27]
remainder_in[dividend][28]
remainder_in[dividend][29]
remainder_in[dividend][2]
remainder_in[dividend][30]
remainder_in[dividend][31]
remainder_in[dividend][3]
remainder_in[dividend][4]
remainder_in[dividend][5]
remainder_in[dividend][6]
remainder_in[dividend][7]
remainder_in[dividend][8]
remainder_in[dividend][9]
remainder_in[divisor][0]
remainder_in[divisor][10]
remainder_in[divisor][11]
remainder_in[divisor][12]
remainder_in[divisor][13]
remainder_in[divisor][14]
remainder_in[divisor][15]
remainder_in[divisor][16]
remainder_in[divisor][17]
remainder_in[divisor][18]
remainder_in[divisor][19]
remainder_in[divisor][1]
remainder_in[divisor][20]
remainder_in[divisor][21]
remainder_in[divisor][22]
remainder_in[divisor][23]
remainder_in[divisor][24]
remainder_in[divisor][25]
remainder_in[divisor][26]
remainder_in[divisor][27]
remainder_in[divisor][28]
remainder_in[divisor][29]
remainder_in[divisor][2]
remainder_in[divisor][30]
remainder_in[divisor][31]
remainder_in[divisor][3]
remainder_in[divisor][4]
remainder_in[divisor][5]
remainder_in[divisor][6]
remainder_in[divisor][7]
remainder_in[divisor][8]
remainder_in[divisor][9]
remainder_in[run]

 There are 0 input ports with no input delay but user has a false path constraint.


6. checking no_output_delay (169)
---------------------------------
 There are 169 ports with no output delay specified. (HIGH)

compute_out[busy]
compute_out[return_value]
divide_out[busy]
divide_out[return_value][0]
divide_out[return_value][10]
divide_out[return_value][11]
divide_out[return_value][12]
divide_out[return_value][13]
divide_out[return_value][14]
divide_out[return_value][15]
divide_out[return_value][16]
divide_out[return_value][17]
divide_out[return_value][18]
divide_out[return_value][19]
divide_out[return_value][1]
divide_out[return_value][20]
divide_out[return_value][21]
divide_out[return_value][22]
divide_out[return_value][23]
divide_out[return_value][24]
divide_out[return_value][25]
divide_out[return_value][26]
divide_out[return_value][27]
divide_out[return_value][28]
divide_out[return_value][29]
divide_out[return_value][2]
divide_out[return_value][30]
divide_out[return_value][31]
divide_out[return_value][3]
divide_out[return_value][4]
divide_out[return_value][5]
divide_out[return_value][6]
divide_out[return_value][7]
divide_out[return_value][8]
divide_out[return_value][9]
failed_out[busy]
failed_out[return_value]
getquotient_out[busy]
getquotient_out[return_value][0]
getquotient_out[return_value][10]
getquotient_out[return_value][11]
getquotient_out[return_value][12]
getquotient_out[return_value][13]
getquotient_out[return_value][14]
getquotient_out[return_value][15]
getquotient_out[return_value][16]
getquotient_out[return_value][17]
getquotient_out[return_value][18]
getquotient_out[return_value][19]
getquotient_out[return_value][1]
getquotient_out[return_value][20]
getquotient_out[return_value][21]
getquotient_out[return_value][22]
getquotient_out[return_value][23]
getquotient_out[return_value][24]
getquotient_out[return_value][25]
getquotient_out[return_value][26]
getquotient_out[return_value][27]
getquotient_out[return_value][28]
getquotient_out[return_value][29]
getquotient_out[return_value][2]
getquotient_out[return_value][30]
getquotient_out[return_value][31]
getquotient_out[return_value][3]
getquotient_out[return_value][4]
getquotient_out[return_value][5]
getquotient_out[return_value][6]
getquotient_out[return_value][7]
getquotient_out[return_value][8]
getquotient_out[return_value][9]
getremainder_out[busy]
getremainder_out[return_value][0]
getremainder_out[return_value][10]
getremainder_out[return_value][11]
getremainder_out[return_value][12]
getremainder_out[return_value][13]
getremainder_out[return_value][14]
getremainder_out[return_value][15]
getremainder_out[return_value][16]
getremainder_out[return_value][17]
getremainder_out[return_value][18]
getremainder_out[return_value][19]
getremainder_out[return_value][1]
getremainder_out[return_value][20]
getremainder_out[return_value][21]
getremainder_out[return_value][22]
getremainder_out[return_value][23]
getremainder_out[return_value][24]
getremainder_out[return_value][25]
getremainder_out[return_value][26]
getremainder_out[return_value][27]
getremainder_out[return_value][28]
getremainder_out[return_value][29]
getremainder_out[return_value][2]
getremainder_out[return_value][30]
getremainder_out[return_value][31]
getremainder_out[return_value][3]
getremainder_out[return_value][4]
getremainder_out[return_value][5]
getremainder_out[return_value][6]
getremainder_out[return_value][7]
getremainder_out[return_value][8]
getremainder_out[return_value][9]
moduloeuclidean_out[busy]
moduloeuclidean_out[return_value][0]
moduloeuclidean_out[return_value][10]
moduloeuclidean_out[return_value][11]
moduloeuclidean_out[return_value][12]
moduloeuclidean_out[return_value][13]
moduloeuclidean_out[return_value][14]
moduloeuclidean_out[return_value][15]
moduloeuclidean_out[return_value][16]
moduloeuclidean_out[return_value][17]
moduloeuclidean_out[return_value][18]
moduloeuclidean_out[return_value][19]
moduloeuclidean_out[return_value][1]
moduloeuclidean_out[return_value][20]
moduloeuclidean_out[return_value][21]
moduloeuclidean_out[return_value][22]
moduloeuclidean_out[return_value][23]
moduloeuclidean_out[return_value][24]
moduloeuclidean_out[return_value][25]
moduloeuclidean_out[return_value][26]
moduloeuclidean_out[return_value][27]
moduloeuclidean_out[return_value][28]
moduloeuclidean_out[return_value][29]
moduloeuclidean_out[return_value][2]
moduloeuclidean_out[return_value][30]
moduloeuclidean_out[return_value][31]
moduloeuclidean_out[return_value][3]
moduloeuclidean_out[return_value][4]
moduloeuclidean_out[return_value][5]
moduloeuclidean_out[return_value][6]
moduloeuclidean_out[return_value][7]
moduloeuclidean_out[return_value][8]
moduloeuclidean_out[return_value][9]
remainder_out[busy]
remainder_out[return_value][0]
remainder_out[return_value][10]
remainder_out[return_value][11]
remainder_out[return_value][12]
remainder_out[return_value][13]
remainder_out[return_value][14]
remainder_out[return_value][15]
remainder_out[return_value][16]
remainder_out[return_value][17]
remainder_out[return_value][18]
remainder_out[return_value][19]
remainder_out[return_value][1]
remainder_out[return_value][20]
remainder_out[return_value][21]
remainder_out[return_value][22]
remainder_out[return_value][23]
remainder_out[return_value][24]
remainder_out[return_value][25]
remainder_out[return_value][26]
remainder_out[return_value][27]
remainder_out[return_value][28]
remainder_out[return_value][29]
remainder_out[return_value][2]
remainder_out[return_value][30]
remainder_out[return_value][31]
remainder_out[return_value][3]
remainder_out[return_value][4]
remainder_out[return_value][5]
remainder_out[return_value][6]
remainder_out[return_value][7]
remainder_out[return_value][8]
remainder_out[return_value][9]

 There are 0 ports with no output delay but user has a false path constraint

 There are 0 ports with no output delay but with a timing clock defined on it or propagating through it


7. checking multiple_clock (0)
------------------------------
 There are 0 register/latch pins with multiple clocks.


8. checking generated_clocks (0)
--------------------------------
 There are 0 generated clocks that are not connected to a clock source.


9. checking loops (0)
---------------------
 There are 0 combinational loops in the design.


10. checking partial_input_delay (0)
------------------------------------
 There are 0 input ports with partial input delay specified.


11. checking partial_output_delay (0)
-------------------------------------
 There are 0 ports with partial output delay specified.


12. checking latch_loops (0)
----------------------------
 There are 0 combinational latch loops in the design through latch input



------------------------------------------------------------------------------------------------
| Design Timing Summary
| ---------------------
------------------------------------------------------------------------------------------------

    WNS(ns)      TNS(ns)  TNS Failing Endpoints  TNS Total Endpoints      WHS(ns)      THS(ns)  THS Failing Endpoints  THS Total Endpoints     WPWS(ns)     TPWS(ns)  TPWS Failing Endpoints  TPWS Total Endpoints  
    -------      -------  ---------------------  -------------------      -------      -------  ---------------------  -------------------     --------     --------  ----------------------  --------------------  
     11.188        0.000                      0                 2247        0.256        0.000                      0                 2247        9.500        0.000                       0                  1487  


All user specified timing constraints are met.


------------------------------------------------------------------------------------------------
| Clock Summary
| -------------
------------------------------------------------------------------------------------------------

Clock          Waveform(ns)       Period(ns)      Frequency(MHz)
-----          ------------       ----------      --------------
context_clock  {0.000 10.000}     20.000          50.000          


------------------------------------------------------------------------------------------------
| Intra Clock Table
| -----------------
------------------------------------------------------------------------------------------------

Clock              WNS(ns)      TNS(ns)  TNS Failing Endpoints  TNS Total Endpoints      WHS(ns)      THS(ns)  THS Failing Endpoints  THS Total Endpoints     WPWS(ns)     TPWS(ns)  TPWS Failing Endpoints  TPWS Total Endpoints  
-----              -------      -------  ---------------------  -------------------      -------      -------  ---------------------  -------------------     --------     --------  ----------------------  --------------------  
context_clock       11.188        0.000                      0                 2247        0.256        0.000                      0                 2247        9.500        0.000                       0                  1487  


------------------------------------------------------------------------------------------------
| Inter Clock Table
| -----------------
------------------------------------------------------------------------------------------------

From Clock    To Clock          WNS(ns)      TNS(ns)  TNS Failing Endpoints  TNS Total Endpoints      WHS(ns)      THS(ns)  THS Failing Endpoints  THS Total Endpoints  
----------    --------          -------      -------  ---------------------  -------------------      -------      -------  ---------------------  -------------------  


------------------------------------------------------------------------------------------------
| Other Path Groups Table
| -----------------------
------------------------------------------------------------------------------------------------

Path Group    From Clock    To Clock          WNS(ns)      TNS(ns)  TNS Failing Endpoints  TNS Total Endpoints      WHS(ns)      THS(ns)  THS Failing Endpoints  THS Total Endpoints  
----------    ----------    --------          -------      -------  ---------------------  -------------------      -------      -------  ---------------------  -------------------  


------------------------------------------------------------------------------------------------
| User Ignored Path Table
| -----------------------
------------------------------------------------------------------------------------------------

Path Group    From Clock    To Clock    
----------    ----------    --------    


------------------------------------------------------------------------------------------------
| Unconstrained Path Table
| ------------------------
------------------------------------------------------------------------------------------------

Path Group     From Clock     To Clock     
----------     ----------     --------     
(none)         context_clock                 
(none)                        context_clock  


------------------------------------------------------------------------------------------------
| Timing Details
| --------------
------------------------------------------------------------------------------------------------


---------------------------------------------------------------------------------------------------
From Clock:  context_clock
  To Clock:  context_clock

Setup :            0  Failing Endpoints,  Worst Slack       11.188ns,  Total Violation        0.000ns
Hold  :            0  Failing Endpoints,  Worst Slack        0.256ns,  Total Violation        0.000ns
PW    :            0  Failing Endpoints,  Worst Slack        9.500ns,  Total Violation        0.000ns
---------------------------------------------------------------------------------------------------


Max Delay Paths
--------------------------------------------------------------------------------------
Slack (MET) :             11.188ns  (required time - arrival time)
  Source:                 dut/compute_fn_reset_sync.compute_fn.bitindex_reg[2]/C
                            (rising edge-triggered cell FDRE clocked by context_clock  {rise@0.000ns fall@10.000ns period=20.000ns})
  Destination:            dut/compute_fn_reset_sync.compute_fn.r_reg[31]/D
                            (rising edge-triggered cell FDRE clocked by context_clock  {rise@0.000ns fall@10.000ns period=20.000ns})
  Path Group:             context_clock
  Path Type:              Setup (Max at Slow Process Corner)
  Requirement:            20.000ns  (context_clock rise@20.000ns - context_clock rise@0.000ns)
  Data Path Delay:        8.772ns  (logic 5.021ns (57.239%)  route 3.751ns (42.761%))
  Logic Levels:           23  (CARRY4=15 LUT1=1 LUT2=1 LUT3=1 LUT4=1 LUT6=4)
  Clock Path Skew:        -0.049ns (DCD - SCD + CPR)
    Destination Clock Delay (DCD):    0.924ns = ( 20.924 - 20.000 ) 
    Source Clock Delay      (SCD):    0.973ns
    Clock Pessimism Removal (CPR):    0.000ns
  Clock Uncertainty:      0.035ns  ((TSJ^2 + TIJ^2)^1/2 + DJ) / 2 + PE
    Total System Jitter     (TSJ):    0.071ns
    Total Input Jitter      (TIJ):    0.000ns
    Discrete Jitter          (DJ):    0.000ns
    Phase Error              (PE):    0.000ns

    Location             Delay type                Incr(ns)  Path(ns)    Netlist Resource(s)
  -------------------------------------------------------------------    -------------------
                         (clock context_clock rise edge)
                                                      0.000     0.000 r  <hidden>
                                                      0.000     0.000 r  Clk
                         net (fo=1486, unset)         0.973     0.973    dut/Clk
                         FDRE                                         r  dut/compute_fn_reset_sync.compute_fn.bitindex_reg[2]/C
  -------------------------------------------------------------------    -------------------
                         FDRE (Prop_fdre_C_Q)         0.478     1.451 f  dut/compute_fn_reset_sync.compute_fn.bitindex_reg[2]/Q
                         net (fo=4, unplaced)         0.335     1.786    dut/compute_fn_reset_sync.compute_fn.bitindex[2]
                         LUT1 (Prop_lut1_I0_O)        0.295     2.081 r  dut/compute_fn_reset_sync.compute_fn.bitindex[4]_i_5/O
                         net (fo=1, unplaced)         0.000     2.081    dut/compute_fn_reset_sync.compute_fn.bitindex[4]_i_5_n_0
                         CARRY4 (Prop_carry4_S[1]_CO[3])
                                                      0.533     2.614 r  dut/compute_fn_reset_sync.compute_fn.bitindex_reg[4]_i_2/CO[3]
                         net (fo=1, unplaced)         0.000     2.614    dut/compute_fn_reset_sync.compute_fn.bitindex_reg[4]_i_2_n_0
                         CARRY4 (Prop_carry4_CI_CO[3])
                                                      0.117     2.731 r  dut/compute_fn_reset_sync.compute_fn.bitindex_reg[8]_i_2/CO[3]
                         net (fo=1, unplaced)         0.000     2.731    dut/compute_fn_reset_sync.compute_fn.bitindex_reg[8]_i_2_n_0
                         CARRY4 (Prop_carry4_CI_CO[3])
                                                      0.117     2.848 r  dut/compute_fn_reset_sync.compute_fn.bitindex_reg[12]_i_2/CO[3]
                         net (fo=1, unplaced)         0.000     2.848    dut/compute_fn_reset_sync.compute_fn.bitindex_reg[12]_i_2_n_0
                         CARRY4 (Prop_carry4_CI_CO[3])
                                                      0.117     2.965 r  dut/compute_fn_reset_sync.compute_fn.bitindex_reg[16]_i_2/CO[3]
                         net (fo=1, unplaced)         0.000     2.965    dut/compute_fn_reset_sync.compute_fn.bitindex_reg[16]_i_2_n_0
                         CARRY4 (Prop_carry4_CI_CO[3])
                                                      0.117     3.082 r  dut/compute_fn_reset_sync.compute_fn.bitindex_reg[20]_i_2/CO[3]
                         net (fo=1, unplaced)         0.000     3.082    dut/compute_fn_reset_sync.compute_fn.bitindex_reg[20]_i_2_n_0
                         CARRY4 (Prop_carry4_CI_CO[3])
                                                      0.117     3.199 r  dut/compute_fn_reset_sync.compute_fn.bitindex_reg[24]_i_2/CO[3]
                         net (fo=1, unplaced)         0.000     3.199    dut/compute_fn_reset_sync.compute_fn.bitindex_reg[24]_i_2_n_0
                         CARRY4 (Prop_carry4_CI_O[3])
                                                      0.331     3.530 f  dut/compute_fn_reset_sync.compute_fn.bitindex_reg[28]_i_2/O[3]
                         net (fo=2, unplaced)         0.611     4.141    dut/in10[28]
                         LUT6 (Prop_lut6_I4_O)        0.307     4.448 f  dut/compute_fn_reset_sync.compute_fn.q[0]_i_50/O
                         net (fo=1, unplaced)         0.449     4.897    dut/compute_fn_reset_sync.compute_fn.q[0]_i_50_n_0
                         LUT6 (Prop_lut6_I0_O)        0.124     5.021 f  dut/compute_fn_reset_sync.compute_fn.q[0]_i_30/O
                         net (fo=1, unplaced)         0.449     5.470    dut/compute_fn_reset_sync.compute_fn.q[0]_i_30_n_0
                         LUT6 (Prop_lut6_I5_O)        0.124     5.594 f  dut/compute_fn_reset_sync.compute_fn.q[0]_i_9/O
                         net (fo=1, unplaced)         0.449     6.043    dut/compute_fn_reset_sync.compute_fn.q[0]_i_9_n_0
                         LUT6 (Prop_lut6_I5_O)        0.124     6.167 r  dut/compute_fn_reset_sync.compute_fn.q[0]_i_3/O
                         net (fo=4, unplaced)         0.473     6.640    dut/compute_fn_reset_sync.compute_fn.q[0]_i_3_n_0
                         LUT4 (Prop_lut4_I0_O)        0.124     6.764 f  dut/compute_fn_reset_sync.compute_fn.q[0]_i_2/O
                         net (fo=63, unplaced)        0.537     7.301    dut/compute_fn_reset_sync.compute_fn.q[0]_i_2_n_0
                         LUT3 (Prop_lut3_I2_O)        0.117     7.418 r  dut/compute_fn_reset_sync.compute_fn.r[3]_i_5/O
                         net (fo=1, unplaced)         0.000     7.418    dut/compute_fn_reset_sync.compute_fn.r[3]_i_5_n_0
                         CARRY4 (Prop_carry4_DI[1]_CO[3])
                                                      0.547     7.965 r  dut/compute_fn_reset_sync.compute_fn.r_reg[3]_i_2/CO[3]
                         net (fo=1, unplaced)         0.000     7.965    dut/compute_fn_reset_sync.compute_fn.r_reg[3]_i_2_n_0
                         CARRY4 (Prop_carry4_CI_CO[3])
                                                      0.117     8.082 r  dut/compute_fn_reset_sync.compute_fn.r_reg[7]_i_2/CO[3]
                         net (fo=1, unplaced)         0.000     8.082    dut/compute_fn_reset_sync.compute_fn.r_reg[7]_i_2_n_0
                         CARRY4 (Prop_carry4_CI_CO[3])
                                                      0.117     8.199 r  dut/compute_fn_reset_sync.compute_fn.r_reg[11]_i_2/CO[3]
                         net (fo=1, unplaced)         0.000     8.199    dut/compute_fn_reset_sync.compute_fn.r_reg[11]_i_2_n_0
                         CARRY4 (Prop_carry4_CI_CO[3])
                                                      0.117     8.316 r  dut/compute_fn_reset_sync.compute_fn.r_reg[15]_i_2/CO[3]
                         net (fo=1, unplaced)         0.000     8.316    dut/compute_fn_reset_sync.compute_fn.r_reg[15]_i_2_n_0
                         CARRY4 (Prop_carry4_CI_CO[3])
                                                      0.117     8.433 r  dut/compute_fn_reset_sync.compute_fn.r_reg[19]_i_2/CO[3]
                         net (fo=1, unplaced)         0.000     8.433    dut/compute_fn_reset_sync.compute_fn.r_reg[19]_i_2_n_0
                         CARRY4 (Prop_carry4_CI_CO[3])
                                                      0.117     8.550 r  dut/compute_fn_reset_sync.compute_fn.r_reg[23]_i_2/CO[3]
                         net (fo=1, unplaced)         0.000     8.550    dut/compute_fn_reset_sync.compute_fn.r_reg[23]_i_2_n_0
                         CARRY4 (Prop_carry4_CI_CO[3])
                                                      0.117     8.667 r  dut/compute_fn_reset_sync.compute_fn.r_reg[27]_i_2/CO[3]
                         net (fo=1, unplaced)         0.000     8.667    dut/compute_fn_reset_sync.compute_fn.r_reg[27]_i_2_n_0
                         CARRY4 (Prop_carry4_CI_O[3])
                                                      0.331     8.998 r  dut/compute_fn_reset_sync.compute_fn.r_reg[31]_i_3/O[3]
                         net (fo=1, unplaced)         0.448     9.446    dut/in7[31]
                         LUT2 (Prop_lut2_I1_O)        0.299     9.745 r  dut/compute_fn_reset_sync.compute_fn.r[31]_i_2/O
                         net (fo=1, unplaced)         0.000     9.745    dut/compute_fn_reset_sync.compute_fn.r[31]_i_2_n_0
                         FDRE                                         r  dut/compute_fn_reset_sync.compute_fn.r_reg[31]/D
  -------------------------------------------------------------------    -------------------

                         (clock context_clock rise edge)
                                                     20.000    20.000 r  <hidden>
                                                      0.000    20.000 r  Clk
                         net (fo=1486, unset)         0.924    20.924    dut/Clk
                         FDRE                                         r  dut/compute_fn_reset_sync.compute_fn.r_reg[31]/C
                         clock pessimism              0.000    20.924    <hidden>
                         clock uncertainty           -0.035    20.889    <hidden>
                         FDRE (Setup_fdre_C_D)        0.044    20.933    dut/compute_fn_reset_sync.compute_fn.r_reg[31]
  -------------------------------------------------------------------
                         required time                         20.933    <hidden>
                         arrival time                          -9.745    <hidden>
  -------------------------------------------------------------------
                         slack                                 11.188    <hidden>





Min Delay Paths
--------------------------------------------------------------------------------------
Slack (MET) :             0.256ns  (arrival time - required time)
  Source:                 dut/compute_fn_reset_sync.compute_fn.q_reg[9]/C
                            (rising edge-triggered cell FDRE clocked by context_clock  {rise@0.000ns fall@10.000ns period=20.000ns})
  Destination:            dut/compute_fn_reset_sync.compute_fn.q_reg[10]/D
                            (rising edge-triggered cell FDRE clocked by context_clock  {rise@0.000ns fall@10.000ns period=20.000ns})
  Path Group:             context_clock
  Path Type:              Hold (Min at Fast Process Corner)
  Requirement:            0.000ns  (context_clock rise@0.000ns - context_clock rise@0.000ns)
  Data Path Delay:        0.376ns  (logic 0.245ns (65.144%)  route 0.131ns (34.856%))
  Logic Levels:           1  (LUT2=1)
  Clock Path Skew:        0.022ns (DCD - SCD - CPR)
    Destination Clock Delay (DCD):    0.432ns
    Source Clock Delay      (SCD):    0.410ns
    Clock Pessimism Removal (CPR):    -0.000ns

    Location             Delay type                Incr(ns)  Path(ns)    Netlist Resource(s)
  -------------------------------------------------------------------    -------------------
                         (clock context_clock rise edge)
                                                      0.000     0.000 r  <hidden>
                                                      0.000     0.000 r  Clk
                         net (fo=1486, unset)         0.410     0.410    dut/Clk
                         FDRE                                         r  dut/compute_fn_reset_sync.compute_fn.q_reg[9]/C
  -------------------------------------------------------------------    -------------------
                         FDRE (Prop_fdre_C_Q)         0.147     0.557 r  dut/compute_fn_reset_sync.compute_fn.q_reg[9]/Q
                         net (fo=1, unplaced)         0.131     0.688    dut/SHIFT_LEFT[10]
                         LUT2 (Prop_lut2_I1_O)        0.098     0.786 r  dut/compute_fn_reset_sync.compute_fn.q[10]_i_1/O
                         net (fo=2, unplaced)         0.000     0.786    dut/compute_fn_reset_sync.compute_fn.q[10]_i_1_n_0
                         FDRE                                         r  dut/compute_fn_reset_sync.compute_fn.q_reg[10]/D
  -------------------------------------------------------------------    -------------------

                         (clock context_clock rise edge)
                                                      0.000     0.000 r  <hidden>
                                                      0.000     0.000 r  Clk
                         net (fo=1486, unset)         0.432     0.432    dut/Clk
                         FDRE                                         r  dut/compute_fn_reset_sync.compute_fn.q_reg[10]/C
                         clock pessimism              0.000     0.432    <hidden>
                         FDRE (Hold_fdre_C_D)         0.099     0.531    dut/compute_fn_reset_sync.compute_fn.q_reg[10]
  -------------------------------------------------------------------
                         required time                         -0.531    <hidden>
                         arrival time                           0.786    <hidden>
  -------------------------------------------------------------------
                         slack                                  0.256    <hidden>





Pulse Width Checks
--------------------------------------------------------------------------------------
Clock Name:         context_clock
Waveform(ns):       { 0.000 10.000 }
Period(ns):         20.000
Sources:            { Clk }

Check Type        Corner  Lib Pin  Reference Pin  Required(ns)  Actual(ns)  Slack(ns)  Location  Pin
Min Period        n/a     FDSE/C   n/a            1.000         20.000      19.000               dut/FSM_onehot_divide_fn_reset_sync.this_divide_lvt_state_reg[0]/C
Low Pulse Width   Slow    FDSE/C   n/a            0.500         10.000      9.500                dut/FSM_onehot_divide_fn_reset_sync.this_divide_lvt_state_reg[0]/C
High Pulse Width  Slow    FDSE/C   n/a            0.500         10.000      9.500                dut/FSM_onehot_divide_fn_reset_sync.this_divide_lvt_state_reg[0]/C



--------------------------------------------------------------------------------------
Path Group:  (none)
From Clock:  context_clock
  To Clock:  

Max Delay           169 Endpoints
Min Delay           169 Endpoints
--------------------------------------------------------------------------------------


Max Delay Paths
--------------------------------------------------------------------------------------
Slack:                    inf
  Source:                 dut/iintegerdivision_g_unsignedinteger_sig_809b61f6ff02_overriden_fn_dispatcher_out_reset_sync.compute_out_reg[busy]/C
                            (rising edge-triggered cell FDRE clocked by context_clock  {rise@0.000ns fall@10.000ns period=20.000ns})
  Destination:            compute_out[busy]
                            (output port)
  Path Group:             (none)
  Path Type:              Max at Slow Process Corner
  Data Path Delay:        1.451ns  (logic 0.478ns (32.943%)  route 0.973ns (67.057%))
  Logic Levels:           0  
  Clock Uncertainty:      0.025ns  ((TSJ^2 + TIJ^2)^1/2 + DJ) / 2 + PE
    Total System Jitter     (TSJ):    0.050ns
    Total Input Jitter      (TIJ):    0.000ns
    Discrete Jitter          (DJ):    0.000ns
    Phase Error              (PE):    0.000ns

    Location             Delay type                Incr(ns)  Path(ns)    Netlist Resource(s)
  -------------------------------------------------------------------    -------------------
                         (clock context_clock rise edge)
                                                      0.000     0.000 r  <hidden>
                                                      0.000     0.000 r  Clk
                         net (fo=1486, unset)         0.973     0.973    dut/Clk
                         FDRE                                         r  dut/iintegerdivision_g_unsignedinteger_sig_809b61f6ff02_overriden_fn_dispatcher_out_reset_sync.compute_out_reg[busy]/C
  -------------------------------------------------------------------    -------------------
                         FDRE (Prop_fdre_C_Q)         0.478     1.451 r  dut/iintegerdivision_g_unsignedinteger_sig_809b61f6ff02_overriden_fn_dispatcher_out_reset_sync.compute_out_reg[busy]/Q
                         net (fo=0)                   0.973     2.424    compute_out[busy]
                                                                      r  compute_out[busy]
  -------------------------------------------------------------------    -------------------





Min Delay Paths
--------------------------------------------------------------------------------------
Slack:                    inf
  Source:                 dut/iintegerdivision_g_unsignedinteger_sig_809b61f6ff02_overriden_fn_dispatcher_out_reset_sync.compute_out_reg[busy]/C
                            (rising edge-triggered cell FDRE clocked by context_clock  {rise@0.000ns fall@10.000ns period=20.000ns})
  Destination:            compute_out[busy]
                            (output port)
  Path Group:             (none)
  Path Type:              Min at Fast Process Corner
  Data Path Delay:        0.557ns  (logic 0.147ns (26.385%)  route 0.410ns (73.615%))
  Logic Levels:           0  
  Clock Uncertainty:      0.025ns  ((TSJ^2 + TIJ^2)^1/2 + DJ) / 2 + PE
    Total System Jitter     (TSJ):    0.050ns
    Total Input Jitter      (TIJ):    0.000ns
    Discrete Jitter          (DJ):    0.000ns
    Phase Error              (PE):    0.000ns

    Location             Delay type                Incr(ns)  Path(ns)    Netlist Resource(s)
  -------------------------------------------------------------------    -------------------
                         (clock context_clock rise edge)
                                                      0.000     0.000 r  <hidden>
                                                      0.000     0.000 r  Clk
                         net (fo=1486, unset)         0.410     0.410    dut/Clk
                         FDRE                                         r  dut/iintegerdivision_g_unsignedinteger_sig_809b61f6ff02_overriden_fn_dispatcher_out_reset_sync.compute_out_reg[busy]/C
  -------------------------------------------------------------------    -------------------
                         FDRE (Prop_fdre_C_Q)         0.147     0.557 r  dut/iintegerdivision_g_unsignedinteger_sig_809b61f6ff02_overriden_fn_dispatcher_out_reset_sync.compute_out_reg[busy]/Q
                         net (fo=0)                   0.410     0.967    compute_out[busy]
                                                                      r  compute_out[busy]
  -------------------------------------------------------------------    -------------------





--------------------------------------------------------------------------------------
Path Group:  (none)
From Clock:  
  To Clock:  context_clock

Max Delay          2139 Endpoints
Min Delay          2139 Endpoints
--------------------------------------------------------------------------------------


Max Delay Paths
--------------------------------------------------------------------------------------
Slack:                    inf
  Source:                 compute_in[run]
                            (input port)
  Destination:            dut/this_compute_in_references_arbiter_reset_sync.this_compute_in_references_arbiter.pending_reg[0]/D
                            (rising edge-triggered cell FDRE clocked by context_clock  {rise@0.000ns fall@10.000ns period=20.000ns})
  Path Group:             (none)
  Path Type:              Setup (Max at Slow Process Corner)
  Data Path Delay:        5.589ns  (logic 1.010ns (18.071%)  route 4.579ns (81.929%))
  Logic Levels:           8  (LUT2=2 LUT3=1 LUT5=1 LUT6=4)
  Clock Path Skew:        0.924ns (DCD - SCD + CPR)
    Destination Clock Delay (DCD):    0.924ns
    Source Clock Delay      (SCD):    0.000ns
    Clock Pessimism Removal (CPR):    0.000ns
  Clock Uncertainty:      0.025ns  ((TSJ^2 + TIJ^2)^1/2 + DJ) / 2 + PE
    Total System Jitter     (TSJ):    0.050ns
    Total Input Jitter      (TIJ):    0.000ns
    Discrete Jitter          (DJ):    0.000ns
    Phase Error              (PE):    0.000ns

    Location             Delay type                Incr(ns)  Path(ns)    Netlist Resource(s)
  -------------------------------------------------------------------    -------------------
                                                      0.000     0.000 f  compute_in[run]
                         net (fo=68, unset)           0.973     0.973    dut/compute_in[run]
                         LUT3 (Prop_lut3_I1_O)        0.150     1.123 f  dut/this_compute_in_references_arbiter_reset_sync.this_compute_in_references_arbiter.pending[3]_i_2/O
                         net (fo=9, unplaced)         0.773     1.896    dut/this_compute_in_references_arbiter_reset_sync.this_compute_in_references_arbiter.pending[3]_i_2_n_0
                         LUT5 (Prop_lut5_I2_O)        0.124     2.020 f  dut/this_compute_in_references_arbiter_reset_sync.this_compute_in_references_arbiter.pending[3]_i_7/O
                         net (fo=2, unplaced)         0.460     2.480    dut/this_compute_in_references_arbiter_reset_sync.this_compute_in_references_arbiter.pending[3]_i_7_n_0
                         LUT6 (Prop_lut6_I5_O)        0.124     2.604 f  dut/this_compute_in_references_arbiter_reset_sync.this_compute_in[dividend][31]_i_12/O
                         net (fo=2, unplaced)         0.460     3.064    dut/this_compute_in_references_arbiter_reset_sync.this_compute_in[dividend][31]_i_12_n_0
                         LUT2 (Prop_lut2_I1_O)        0.124     3.188 f  dut/this_compute_in_references_arbiter_reset_sync.this_compute_in[dividend][31]_i_4/O
                         net (fo=77, unplaced)        0.542     3.730    dut/this_compute_in_references_arbiter_reset_sync.this_compute_in[dividend][31]_i_4_n_0
                         LUT2 (Prop_lut2_I1_O)        0.116     3.846 r  dut/this_compute_in_references_arbiter_reset_sync.this_compute_in_references_arbiter.pending[3]_i_9/O
                         net (fo=4, unplaced)         0.473     4.319    dut/this_compute_in_references_arbiter_reset_sync.this_compute_in_references_arbiter.pending[3]_i_9_n_0
                         LUT6 (Prop_lut6_I4_O)        0.124     4.443 r  dut/this_compute_in_references_arbiter_reset_sync.this_compute_in_references_arbiter.pending[0]_i_5/O
                         net (fo=1, unplaced)         0.449     4.892    dut/this_compute_in_references_arbiter_reset_sync.this_compute_in_references_arbiter.pending[0]_i_5_n_0
                         LUT6 (Prop_lut6_I0_O)        0.124     5.016 r  dut/this_compute_in_references_arbiter_reset_sync.this_compute_in_references_arbiter.pending[0]_i_4/O
                         net (fo=1, unplaced)         0.449     5.465    dut/this_compute_in_references_arbiter_reset_sync.this_compute_in_references_arbiter.pending[0]_i_4_n_0
                         LUT6 (Prop_lut6_I2_O)        0.124     5.589 r  dut/this_compute_in_references_arbiter_reset_sync.this_compute_in_references_arbiter.pending[0]_i_1/O
                         net (fo=1, unplaced)         0.000     5.589    dut/this_compute_in_references_arbiter_reset_sync.this_compute_in_references_arbiter.pending[0]_i_1_n_0
                         FDRE                                         r  dut/this_compute_in_references_arbiter_reset_sync.this_compute_in_references_arbiter.pending_reg[0]/D
  -------------------------------------------------------------------    -------------------

                         (clock context_clock rise edge)
                                                      0.000     0.000 r  <hidden>
                                                      0.000     0.000 r  Clk
                         net (fo=1486, unset)         0.924     0.924    dut/Clk
                         FDRE                                         r  dut/this_compute_in_references_arbiter_reset_sync.this_compute_in_references_arbiter.pending_reg[0]/C





Min Delay Paths
--------------------------------------------------------------------------------------
Slack:                    inf
  Source:                 Rst
                            (input port)
  Destination:            dut/FSM_onehot_divide_fn_reset_sync.this_divide_lvt_state_reg[0]/S
                            (rising edge-triggered cell FDSE clocked by context_clock  {rise@0.000ns fall@10.000ns period=20.000ns})
  Path Group:             (none)
  Path Type:              Hold (Min at Fast Process Corner)
  Data Path Delay:        0.410ns  (logic 0.000ns (0.000%)  route 0.410ns (100.000%))
  Logic Levels:           0  
  Clock Path Skew:        0.432ns (DCD - SCD - CPR)
    Destination Clock Delay (DCD):    0.432ns
    Source Clock Delay      (SCD):    0.000ns
    Clock Pessimism Removal (CPR):    -0.000ns

    Location             Delay type                Incr(ns)  Path(ns)    Netlist Resource(s)
  -------------------------------------------------------------------    -------------------
                                                      0.000     0.000 r  Rst
                         net (fo=1483, unset)         0.410     0.410    dut/Rst
                         FDSE                                         r  dut/FSM_onehot_divide_fn_reset_sync.this_divide_lvt_state_reg[0]/S
  -------------------------------------------------------------------    -------------------

                         (clock context_clock rise edge)
                                                      0.000     0.000 r  <hidden>
                                                      0.000     0.000 r  Clk
                         net (fo=1486, unset)         0.432     0.432    dut/Clk
                         FDSE                                         r  dut/FSM_onehot_divide_fn_reset_sync.this_divide_lvt_state_reg[0]/C





