Copyright 1986-2022 Xilinx, Inc. All Rights Reserved. Copyright 2022-2026 Advanced Micro Devices, Inc. All Rights Reserved.
---------------------------------------------------------------------------------------------------------------------------------------------
| Tool Version : Vivado v.2026.1 (lin64) Build 6511674 Tue Jun 16 11:01:26 MDT 2026
| Date         : Wed Sep 30 11:23:04 2026
| Host         : vagrant-devbox running 64-bit Ubuntu 24.04.4 LTS
| Command      : report_utilization -hierarchical -file /tmp/livt-division-change/divider-synthesis-complete/utilization.rpt
| Design       : livt_math_arithmetic_unsigneddivision_g_31_sig_00e979e2352c_slice
| Device       : xc7a100tcsg324-1
| Speed File   : -1
| Design State : Synthesized
---------------------------------------------------------------------------------------------------------------------------------------------

Utilization Design Information

Table of Contents
-----------------
1. Utilization by Hierarchy

1. Utilization by Hierarchy
---------------------------

+-------------------------------------------------------------------+-------------------------------------------------------------+------------+------------+---------+------+------+--------+--------+------------+
|                              Instance                             |                            Module                           | Total LUTs | Logic LUTs | LUTRAMs | SRLs |  FFs | RAMB36 | RAMB18 | DSP Blocks |
+-------------------------------------------------------------------+-------------------------------------------------------------+------------+------------+---------+------+------+--------+--------+------------+
| livt_math_arithmetic_unsigneddivision_g_31_sig_00e979e2352c_slice |                                                       (top) |       1218 |       1218 |       0 |    0 | 1487 |      0 |      0 |          0 |
|   dut                                                             | livt_math_arithmetic_unsigneddivision_g_31_sig_00e979e2352c |       1218 |       1218 |       0 |    0 | 1487 |      0 |      0 |          0 |
+-------------------------------------------------------------------+-------------------------------------------------------------+------------+------------+---------+------+------+--------+--------+------------+


