INFO: [Common 17-3922] A valid Vivado Design Suite BASIC license has been detected. Your current license is active and will expire on 26-aug-2027.
#-----------------------------------------------------------
# Vivado v2026.1 (64-bit)
# SW Build 6511674 on Tue Jun 16 11:01:26 MDT 2026
# IP Build 6504888 on Tue Jun 09 09:05:25 MDT 2026
# SharedData Build 6501428 on Mon Jun 08 17:34:18 MDT 2026
# Start of session at: Wed Sep 30 11:19:12 2026
# Process ID         : 501423
# Current directory  : /tmp/livt-division-change/divider-synthesis-complete
# Command line       : vivado -mode batch -notrace -nojournal -log /tmp/livt-division-change/divider-synthesis-complete/vivado.log -source /tmp/livt-division-change/divider-synthesis-complete/synth.tcl
# Log file           : /tmp/livt-division-change/divider-synthesis-complete/vivado.log
# Journal file       : 
# Running On         : vagrant-devbox
# Platform           : Ubuntu
# Operating System   : Ubuntu 24.04.4 LTS
# Processor Detail   : AMD Ryzen 9 9950X3D 16-Core Processor
# CPU Frequency      : 4291.952 MHz
# CPU Physical cores : 31
# CPU Logical cores  : 31
# Host memory        : 49977 MB
# Swap memory        : 2147 MB
# Total Virtual      : 52124 MB
# Available Virtual  : 31646 MB
#-----------------------------------------------------------
source /tmp/livt-division-change/divider-synthesis-complete/synth.tcl -notrace
FT5 thread limits: general.maxThreads=4, synth.maxThreads=4
Preprocessed VHDL-2008-only vector overloads in /tmp/livt-division-change/divider-synthesis-complete/generated/Livt.Lang.Package.vhd
create_project: Time (s): cpu = 00:00:22 ; elapsed = 00:00:06 . Memory (MB): peak = 1682.367 ; gain = 244.855 ; free physical = 13330 ; free virtual = 29158
Command: synth_design -top livt_math_arithmetic_unsigneddivision_g_31_sig_00e979e2352c_slice -part xc7a100tcsg324-1 -mode out_of_context -directive AreaOptimized_high -control_set_opt_threshold 16
INFO: [Vivado_Tcl 97-128] Directive used for synth_design is: areaoptimized_high
INFO: [Vivado_Tcl 97-129] Option control_set_opt_threshold used for synth_design is: 16
Starting synth_design
Attempting to get a license for feature 'Vivado_Synthesis' and/or device 'xc7a100t'
INFO: [Common 17-349] Got license for feature 'Vivado_Synthesis' and/or device 'xc7a100t'
INFO: [Device 21-403] Loading part xc7a100tcsg324-1
INFO: [Designutils 20-5008] Incremental synthesis strategy default
INFO: [Synth 8-7079] Multithreading enabled for synth_design using a maximum of 4 processes.
INFO: [Synth 8-7078] Launching helper process for spawning children vivado processes
INFO: [Synth 8-7075] Helper process launched with PID 501859
---------------------------------------------------------------------------------
Starting RTL Elaboration : Time (s): cpu = 00:00:07 ; elapsed = 00:00:08 . Memory (MB): peak = 2383.414 ; gain = 524.727 ; free physical = 12679 ; free virtual = 28499
---------------------------------------------------------------------------------
INFO: [Synth 8-638] synthesizing module 'livt_math_arithmetic_unsigneddivision_g_31_sig_00e979e2352c_slice' [/tmp/livt-division-change/divider-synthesis-complete/wrapper.vhd:38]
INFO: [Synth 8-638] synthesizing module 'livt_math_arithmetic_unsigneddivision_g_31_sig_00e979e2352c' [/tmp/livt-division-change/divider-synthesis-complete/generated/Livt.Math.Arithmetic.UnsignedDivision_g_31_sig_00e979e2352c.vhd:44]
WARNING: [Synth 8-7193] Integer conversion function is truncating input [/tmp/livt-division-change/divider-synthesis-complete/generated/Livt.Math.Arithmetic.UnsignedDivision_g_31_sig_00e979e2352c.vhd:1023]
WARNING: [Synth 8-7193] Integer conversion function is truncating input [/tmp/livt-division-change/divider-synthesis-complete/generated/Livt.Math.Arithmetic.UnsignedDivision_g_31_sig_00e979e2352c.vhd:1023]
WARNING: [Synth 8-7193] Integer conversion function is truncating input [/tmp/livt-division-change/divider-synthesis-complete/generated/Livt.Math.Arithmetic.UnsignedDivision_g_31_sig_00e979e2352c.vhd:1048]
INFO: [Synth 8-256] done synthesizing module 'livt_math_arithmetic_unsigneddivision_g_31_sig_00e979e2352c' (0#1) [/tmp/livt-division-change/divider-synthesis-complete/generated/Livt.Math.Arithmetic.UnsignedDivision_g_31_sig_00e979e2352c.vhd:44]
INFO: [Synth 8-256] done synthesizing module 'livt_math_arithmetic_unsigneddivision_g_31_sig_00e979e2352c_slice' (0#1) [/tmp/livt-division-change/divider-synthesis-complete/wrapper.vhd:38]
WARNING: [Synth 8-6014] Unused sequential element iintegerdivision_g_unsignedinteger_sig_809b61f6ff02_overriden_fn_dispatcher_out_reset_sync.this_iintegerdivision_g_unsignedinteger_sig_809b61f6ff02_out_reg[compute][busy] was removed.  [/tmp/livt-division-change/divider-synthesis-complete/generated/Livt.Math.Arithmetic.UnsignedDivision_g_31_sig_00e979e2352c.vhd:325]
WARNING: [Synth 8-6014] Unused sequential element iintegerdivision_g_unsignedinteger_sig_809b61f6ff02_overriden_fn_dispatcher_out_reset_sync.this_iintegerdivision_g_unsignedinteger_sig_809b61f6ff02_out_reg[compute][return_value] was removed.  [/tmp/livt-division-change/divider-synthesis-complete/generated/Livt.Math.Arithmetic.UnsignedDivision_g_31_sig_00e979e2352c.vhd:325]
WARNING: [Synth 8-6014] Unused sequential element iintegerdivision_g_unsignedinteger_sig_809b61f6ff02_overriden_fn_dispatcher_out_reset_sync.this_iintegerdivision_g_unsignedinteger_sig_809b61f6ff02_out_reg[getquotient][busy] was removed.  [/tmp/livt-division-change/divider-synthesis-complete/generated/Livt.Math.Arithmetic.UnsignedDivision_g_31_sig_00e979e2352c.vhd:325]
WARNING: [Synth 8-6014] Unused sequential element iintegerdivision_g_unsignedinteger_sig_809b61f6ff02_overriden_fn_dispatcher_out_reset_sync.this_iintegerdivision_g_unsignedinteger_sig_809b61f6ff02_out_reg[getquotient][return_value] was removed.  [/tmp/livt-division-change/divider-synthesis-complete/generated/Livt.Math.Arithmetic.UnsignedDivision_g_31_sig_00e979e2352c.vhd:325]
WARNING: [Synth 8-6014] Unused sequential element iintegerdivision_g_unsignedinteger_sig_809b61f6ff02_overriden_fn_dispatcher_out_reset_sync.this_iintegerdivision_g_unsignedinteger_sig_809b61f6ff02_out_reg[getremainder][busy] was removed.  [/tmp/livt-division-change/divider-synthesis-complete/generated/Livt.Math.Arithmetic.UnsignedDivision_g_31_sig_00e979e2352c.vhd:325]
WARNING: [Synth 8-6014] Unused sequential element iintegerdivision_g_unsignedinteger_sig_809b61f6ff02_overriden_fn_dispatcher_out_reset_sync.this_iintegerdivision_g_unsignedinteger_sig_809b61f6ff02_out_reg[getremainder][return_value] was removed.  [/tmp/livt-division-change/divider-synthesis-complete/generated/Livt.Math.Arithmetic.UnsignedDivision_g_31_sig_00e979e2352c.vhd:325]
WARNING: [Synth 8-6014] Unused sequential element iintegerdivision_g_unsignedinteger_sig_809b61f6ff02_overriden_fn_dispatcher_out_reset_sync.this_iintegerdivision_g_unsignedinteger_sig_809b61f6ff02_out_reg[divide][busy] was removed.  [/tmp/livt-division-change/divider-synthesis-complete/generated/Livt.Math.Arithmetic.UnsignedDivision_g_31_sig_00e979e2352c.vhd:325]
WARNING: [Synth 8-6014] Unused sequential element iintegerdivision_g_unsignedinteger_sig_809b61f6ff02_overriden_fn_dispatcher_out_reset_sync.this_iintegerdivision_g_unsignedinteger_sig_809b61f6ff02_out_reg[divide][return_value] was removed.  [/tmp/livt-division-change/divider-synthesis-complete/generated/Livt.Math.Arithmetic.UnsignedDivision_g_31_sig_00e979e2352c.vhd:325]
WARNING: [Synth 8-6014] Unused sequential element iintegerdivision_g_unsignedinteger_sig_809b61f6ff02_overriden_fn_dispatcher_out_reset_sync.this_iintegerdivision_g_unsignedinteger_sig_809b61f6ff02_out_reg[remainder][busy] was removed.  [/tmp/livt-division-change/divider-synthesis-complete/generated/Livt.Math.Arithmetic.UnsignedDivision_g_31_sig_00e979e2352c.vhd:325]
WARNING: [Synth 8-6014] Unused sequential element iintegerdivision_g_unsignedinteger_sig_809b61f6ff02_overriden_fn_dispatcher_out_reset_sync.this_iintegerdivision_g_unsignedinteger_sig_809b61f6ff02_out_reg[remainder][return_value] was removed.  [/tmp/livt-division-change/divider-synthesis-complete/generated/Livt.Math.Arithmetic.UnsignedDivision_g_31_sig_00e979e2352c.vhd:325]
WARNING: [Synth 8-6014] Unused sequential element iintegerdivision_g_unsignedinteger_sig_809b61f6ff02_overriden_fn_dispatcher_out_reset_sync.this_iintegerdivision_g_unsignedinteger_sig_809b61f6ff02_out_reg[moduloeuclidean][busy] was removed.  [/tmp/livt-division-change/divider-synthesis-complete/generated/Livt.Math.Arithmetic.UnsignedDivision_g_31_sig_00e979e2352c.vhd:325]
WARNING: [Synth 8-6014] Unused sequential element iintegerdivision_g_unsignedinteger_sig_809b61f6ff02_overriden_fn_dispatcher_out_reset_sync.this_iintegerdivision_g_unsignedinteger_sig_809b61f6ff02_out_reg[moduloeuclidean][return_value] was removed.  [/tmp/livt-division-change/divider-synthesis-complete/generated/Livt.Math.Arithmetic.UnsignedDivision_g_31_sig_00e979e2352c.vhd:325]
WARNING: [Synth 8-6014] Unused sequential element iintegerdivision_g_unsignedinteger_sig_809b61f6ff02_overriden_fn_dispatcher_out_reset_sync.this_iintegerdivision_g_unsignedinteger_sig_809b61f6ff02_out_reg[failed][busy] was removed.  [/tmp/livt-division-change/divider-synthesis-complete/generated/Livt.Math.Arithmetic.UnsignedDivision_g_31_sig_00e979e2352c.vhd:325]
WARNING: [Synth 8-6014] Unused sequential element iintegerdivision_g_unsignedinteger_sig_809b61f6ff02_overriden_fn_dispatcher_out_reset_sync.this_iintegerdivision_g_unsignedinteger_sig_809b61f6ff02_out_reg[failed][return_value] was removed.  [/tmp/livt-division-change/divider-synthesis-complete/generated/Livt.Math.Arithmetic.UnsignedDivision_g_31_sig_00e979e2352c.vhd:325]
WARNING: [Synth 8-6014] Unused sequential element this_compute_in_references_arbiter_reset_sync.this_compute_in_references_owner_reg was removed.  [/tmp/livt-division-change/divider-synthesis-complete/generated/Livt.Math.Arithmetic.UnsignedDivision_g_31_sig_00e979e2352c.vhd:723]
WARNING: [Synth 8-6014] Unused sequential element this_compute_in_references_arbiter_reset_sync.this_compute_in_references_responses_reg[0][return_value] was removed.  [/tmp/livt-division-change/divider-synthesis-complete/generated/Livt.Math.Arithmetic.UnsignedDivision_g_31_sig_00e979e2352c.vhd:698]
WARNING: [Synth 8-6014] Unused sequential element this_compute_in_references_arbiter_reset_sync.this_compute_in_references_responses_reg[1][return_value] was removed.  [/tmp/livt-division-change/divider-synthesis-complete/generated/Livt.Math.Arithmetic.UnsignedDivision_g_31_sig_00e979e2352c.vhd:698]
WARNING: [Synth 8-6014] Unused sequential element this_compute_in_references_arbiter_reset_sync.this_compute_in_references_responses_reg[2][return_value] was removed.  [/tmp/livt-division-change/divider-synthesis-complete/generated/Livt.Math.Arithmetic.UnsignedDivision_g_31_sig_00e979e2352c.vhd:698]
WARNING: [Synth 8-6014] Unused sequential element this_compute_in_references_arbiter_reset_sync.this_compute_in_references_responses_reg[4][busy] was removed.  [/tmp/livt-division-change/divider-synthesis-complete/generated/Livt.Math.Arithmetic.UnsignedDivision_g_31_sig_00e979e2352c.vhd:698]
WARNING: [Synth 8-6014] Unused sequential element this_compute_in_references_arbiter_reset_sync.this_compute_in_references_responses_reg[4][return_value] was removed.  [/tmp/livt-division-change/divider-synthesis-complete/generated/Livt.Math.Arithmetic.UnsignedDivision_g_31_sig_00e979e2352c.vhd:698]
WARNING: [Synth 8-3848] Net this_iintegerdivision_g_unsignedinteger_sig_809b61f6ff02_in[divide][run] in module/entity livt_math_arithmetic_unsigneddivision_g_31_sig_00e979e2352c does not have driver. [/tmp/livt-division-change/divider-synthesis-complete/generated/Livt.Math.Arithmetic.UnsignedDivision_g_31_sig_00e979e2352c.vhd:221]
WARNING: [Synth 8-3848] Net this_iintegerdivision_g_unsignedinteger_sig_809b61f6ff02_in[remainder][run] in module/entity livt_math_arithmetic_unsigneddivision_g_31_sig_00e979e2352c does not have driver. [/tmp/livt-division-change/divider-synthesis-complete/generated/Livt.Math.Arithmetic.UnsignedDivision_g_31_sig_00e979e2352c.vhd:221]
WARNING: [Synth 8-3848] Net this_iintegerdivision_g_unsignedinteger_sig_809b61f6ff02_in[moduloeuclidean][run] in module/entity livt_math_arithmetic_unsigneddivision_g_31_sig_00e979e2352c does not have driver. [/tmp/livt-division-change/divider-synthesis-complete/generated/Livt.Math.Arithmetic.UnsignedDivision_g_31_sig_00e979e2352c.vhd:221]
WARNING: [Synth 8-3848] Net this_iintegerdivision_g_unsignedinteger_sig_809b61f6ff02_in[compute][run] in module/entity livt_math_arithmetic_unsigneddivision_g_31_sig_00e979e2352c does not have driver. [/tmp/livt-division-change/divider-synthesis-complete/generated/Livt.Math.Arithmetic.UnsignedDivision_g_31_sig_00e979e2352c.vhd:221]
WARNING: [Synth 8-3848] Net this_iintegerdivision_g_unsignedinteger_sig_809b61f6ff02_in[divide][divisor] in module/entity livt_math_arithmetic_unsigneddivision_g_31_sig_00e979e2352c does not have driver. [/tmp/livt-division-change/divider-synthesis-complete/generated/Livt.Math.Arithmetic.UnsignedDivision_g_31_sig_00e979e2352c.vhd:221]
WARNING: [Synth 8-3848] Net this_iintegerdivision_g_unsignedinteger_sig_809b61f6ff02_in[remainder][divisor] in module/entity livt_math_arithmetic_unsigneddivision_g_31_sig_00e979e2352c does not have driver. [/tmp/livt-division-change/divider-synthesis-complete/generated/Livt.Math.Arithmetic.UnsignedDivision_g_31_sig_00e979e2352c.vhd:221]
WARNING: [Synth 8-3848] Net this_iintegerdivision_g_unsignedinteger_sig_809b61f6ff02_in[moduloeuclidean][divisor] in module/entity livt_math_arithmetic_unsigneddivision_g_31_sig_00e979e2352c does not have driver. [/tmp/livt-division-change/divider-synthesis-complete/generated/Livt.Math.Arithmetic.UnsignedDivision_g_31_sig_00e979e2352c.vhd:221]
WARNING: [Synth 8-3848] Net this_iintegerdivision_g_unsignedinteger_sig_809b61f6ff02_in[compute][divisor] in module/entity livt_math_arithmetic_unsigneddivision_g_31_sig_00e979e2352c does not have driver. [/tmp/livt-division-change/divider-synthesis-complete/generated/Livt.Math.Arithmetic.UnsignedDivision_g_31_sig_00e979e2352c.vhd:221]
WARNING: [Synth 8-3848] Net this_iintegerdivision_g_unsignedinteger_sig_809b61f6ff02_in[divide][dividend] in module/entity livt_math_arithmetic_unsigneddivision_g_31_sig_00e979e2352c does not have driver. [/tmp/livt-division-change/divider-synthesis-complete/generated/Livt.Math.Arithmetic.UnsignedDivision_g_31_sig_00e979e2352c.vhd:221]
WARNING: [Synth 8-3848] Net this_iintegerdivision_g_unsignedinteger_sig_809b61f6ff02_in[remainder][dividend] in module/entity livt_math_arithmetic_unsigneddivision_g_31_sig_00e979e2352c does not have driver. [/tmp/livt-division-change/divider-synthesis-complete/generated/Livt.Math.Arithmetic.UnsignedDivision_g_31_sig_00e979e2352c.vhd:221]
WARNING: [Synth 8-3848] Net this_iintegerdivision_g_unsignedinteger_sig_809b61f6ff02_in[moduloeuclidean][dividend] in module/entity livt_math_arithmetic_unsigneddivision_g_31_sig_00e979e2352c does not have driver. [/tmp/livt-division-change/divider-synthesis-complete/generated/Livt.Math.Arithmetic.UnsignedDivision_g_31_sig_00e979e2352c.vhd:221]
WARNING: [Synth 8-3848] Net this_iintegerdivision_g_unsignedinteger_sig_809b61f6ff02_in[compute][dividend] in module/entity livt_math_arithmetic_unsigneddivision_g_31_sig_00e979e2352c does not have driver. [/tmp/livt-division-change/divider-synthesis-complete/generated/Livt.Math.Arithmetic.UnsignedDivision_g_31_sig_00e979e2352c.vhd:221]
WARNING: [Synth 8-3848] Net this_iintegerdivision_g_unsignedinteger_sig_809b61f6ff02_in[getquotient][run] in module/entity livt_math_arithmetic_unsigneddivision_g_31_sig_00e979e2352c does not have driver. [/tmp/livt-division-change/divider-synthesis-complete/generated/Livt.Math.Arithmetic.UnsignedDivision_g_31_sig_00e979e2352c.vhd:221]
WARNING: [Synth 8-3848] Net this_iintegerdivision_g_unsignedinteger_sig_809b61f6ff02_in[getremainder][run] in module/entity livt_math_arithmetic_unsigneddivision_g_31_sig_00e979e2352c does not have driver. [/tmp/livt-division-change/divider-synthesis-complete/generated/Livt.Math.Arithmetic.UnsignedDivision_g_31_sig_00e979e2352c.vhd:221]
WARNING: [Synth 8-3848] Net this_iintegerdivision_g_unsignedinteger_sig_809b61f6ff02_in[failed][run] in module/entity livt_math_arithmetic_unsigneddivision_g_31_sig_00e979e2352c does not have driver. [/tmp/livt-division-change/divider-synthesis-complete/generated/Livt.Math.Arithmetic.UnsignedDivision_g_31_sig_00e979e2352c.vhd:221]
WARNING: [Synth 8-7129] Port ctor_lvt_context_in[tickspersecond][31] in module livt_math_arithmetic_unsigneddivision_g_31_sig_00e979e2352c is either unconnected or has no load
WARNING: [Synth 8-7129] Port ctor_lvt_context_in[tickspersecond][30] in module livt_math_arithmetic_unsigneddivision_g_31_sig_00e979e2352c is either unconnected or has no load
WARNING: [Synth 8-7129] Port ctor_lvt_context_in[tickspersecond][29] in module livt_math_arithmetic_unsigneddivision_g_31_sig_00e979e2352c is either unconnected or has no load
WARNING: [Synth 8-7129] Port ctor_lvt_context_in[tickspersecond][28] in module livt_math_arithmetic_unsigneddivision_g_31_sig_00e979e2352c is either unconnected or has no load
WARNING: [Synth 8-7129] Port ctor_lvt_context_in[tickspersecond][27] in module livt_math_arithmetic_unsigneddivision_g_31_sig_00e979e2352c is either unconnected or has no load
WARNING: [Synth 8-7129] Port ctor_lvt_context_in[tickspersecond][26] in module livt_math_arithmetic_unsigneddivision_g_31_sig_00e979e2352c is either unconnected or has no load
WARNING: [Synth 8-7129] Port ctor_lvt_context_in[tickspersecond][25] in module livt_math_arithmetic_unsigneddivision_g_31_sig_00e979e2352c is either unconnected or has no load
WARNING: [Synth 8-7129] Port ctor_lvt_context_in[tickspersecond][24] in module livt_math_arithmetic_unsigneddivision_g_31_sig_00e979e2352c is either unconnected or has no load
WARNING: [Synth 8-7129] Port ctor_lvt_context_in[tickspersecond][23] in module livt_math_arithmetic_unsigneddivision_g_31_sig_00e979e2352c is either unconnected or has no load
WARNING: [Synth 8-7129] Port ctor_lvt_context_in[tickspersecond][22] in module livt_math_arithmetic_unsigneddivision_g_31_sig_00e979e2352c is either unconnected or has no load
WARNING: [Synth 8-7129] Port ctor_lvt_context_in[tickspersecond][21] in module livt_math_arithmetic_unsigneddivision_g_31_sig_00e979e2352c is either unconnected or has no load
WARNING: [Synth 8-7129] Port ctor_lvt_context_in[tickspersecond][20] in module livt_math_arithmetic_unsigneddivision_g_31_sig_00e979e2352c is either unconnected or has no load
WARNING: [Synth 8-7129] Port ctor_lvt_context_in[tickspersecond][19] in module livt_math_arithmetic_unsigneddivision_g_31_sig_00e979e2352c is either unconnected or has no load
WARNING: [Synth 8-7129] Port ctor_lvt_context_in[tickspersecond][18] in module livt_math_arithmetic_unsigneddivision_g_31_sig_00e979e2352c is either unconnected or has no load
WARNING: [Synth 8-7129] Port ctor_lvt_context_in[tickspersecond][17] in module livt_math_arithmetic_unsigneddivision_g_31_sig_00e979e2352c is either unconnected or has no load
WARNING: [Synth 8-7129] Port ctor_lvt_context_in[tickspersecond][16] in module livt_math_arithmetic_unsigneddivision_g_31_sig_00e979e2352c is either unconnected or has no load
WARNING: [Synth 8-7129] Port ctor_lvt_context_in[tickspersecond][15] in module livt_math_arithmetic_unsigneddivision_g_31_sig_00e979e2352c is either unconnected or has no load
WARNING: [Synth 8-7129] Port ctor_lvt_context_in[tickspersecond][14] in module livt_math_arithmetic_unsigneddivision_g_31_sig_00e979e2352c is either unconnected or has no load
WARNING: [Synth 8-7129] Port ctor_lvt_context_in[tickspersecond][13] in module livt_math_arithmetic_unsigneddivision_g_31_sig_00e979e2352c is either unconnected or has no load
WARNING: [Synth 8-7129] Port ctor_lvt_context_in[tickspersecond][12] in module livt_math_arithmetic_unsigneddivision_g_31_sig_00e979e2352c is either unconnected or has no load
WARNING: [Synth 8-7129] Port ctor_lvt_context_in[tickspersecond][11] in module livt_math_arithmetic_unsigneddivision_g_31_sig_00e979e2352c is either unconnected or has no load
WARNING: [Synth 8-7129] Port ctor_lvt_context_in[tickspersecond][10] in module livt_math_arithmetic_unsigneddivision_g_31_sig_00e979e2352c is either unconnected or has no load
WARNING: [Synth 8-7129] Port ctor_lvt_context_in[tickspersecond][9] in module livt_math_arithmetic_unsigneddivision_g_31_sig_00e979e2352c is either unconnected or has no load
WARNING: [Synth 8-7129] Port ctor_lvt_context_in[tickspersecond][8] in module livt_math_arithmetic_unsigneddivision_g_31_sig_00e979e2352c is either unconnected or has no load
WARNING: [Synth 8-7129] Port ctor_lvt_context_in[tickspersecond][7] in module livt_math_arithmetic_unsigneddivision_g_31_sig_00e979e2352c is either unconnected or has no load
WARNING: [Synth 8-7129] Port ctor_lvt_context_in[tickspersecond][6] in module livt_math_arithmetic_unsigneddivision_g_31_sig_00e979e2352c is either unconnected or has no load
WARNING: [Synth 8-7129] Port ctor_lvt_context_in[tickspersecond][5] in module livt_math_arithmetic_unsigneddivision_g_31_sig_00e979e2352c is either unconnected or has no load
WARNING: [Synth 8-7129] Port ctor_lvt_context_in[tickspersecond][4] in module livt_math_arithmetic_unsigneddivision_g_31_sig_00e979e2352c is either unconnected or has no load
WARNING: [Synth 8-7129] Port ctor_lvt_context_in[tickspersecond][3] in module livt_math_arithmetic_unsigneddivision_g_31_sig_00e979e2352c is either unconnected or has no load
WARNING: [Synth 8-7129] Port ctor_lvt_context_in[tickspersecond][2] in module livt_math_arithmetic_unsigneddivision_g_31_sig_00e979e2352c is either unconnected or has no load
WARNING: [Synth 8-7129] Port ctor_lvt_context_in[tickspersecond][1] in module livt_math_arithmetic_unsigneddivision_g_31_sig_00e979e2352c is either unconnected or has no load
WARNING: [Synth 8-7129] Port ctor_lvt_context_in[tickspersecond][0] in module livt_math_arithmetic_unsigneddivision_g_31_sig_00e979e2352c is either unconnected or has no load
WARNING: [Synth 8-7129] Port ctor_lvt_context_in[periodns][31] in module livt_math_arithmetic_unsigneddivision_g_31_sig_00e979e2352c is either unconnected or has no load
WARNING: [Synth 8-7129] Port ctor_lvt_context_in[periodns][30] in module livt_math_arithmetic_unsigneddivision_g_31_sig_00e979e2352c is either unconnected or has no load
WARNING: [Synth 8-7129] Port ctor_lvt_context_in[periodns][29] in module livt_math_arithmetic_unsigneddivision_g_31_sig_00e979e2352c is either unconnected or has no load
WARNING: [Synth 8-7129] Port ctor_lvt_context_in[periodns][28] in module livt_math_arithmetic_unsigneddivision_g_31_sig_00e979e2352c is either unconnected or has no load
WARNING: [Synth 8-7129] Port ctor_lvt_context_in[periodns][27] in module livt_math_arithmetic_unsigneddivision_g_31_sig_00e979e2352c is either unconnected or has no load
WARNING: [Synth 8-7129] Port ctor_lvt_context_in[periodns][26] in module livt_math_arithmetic_unsigneddivision_g_31_sig_00e979e2352c is either unconnected or has no load
WARNING: [Synth 8-7129] Port ctor_lvt_context_in[periodns][25] in module livt_math_arithmetic_unsigneddivision_g_31_sig_00e979e2352c is either unconnected or has no load
WARNING: [Synth 8-7129] Port ctor_lvt_context_in[periodns][24] in module livt_math_arithmetic_unsigneddivision_g_31_sig_00e979e2352c is either unconnected or has no load
WARNING: [Synth 8-7129] Port ctor_lvt_context_in[periodns][23] in module livt_math_arithmetic_unsigneddivision_g_31_sig_00e979e2352c is either unconnected or has no load
WARNING: [Synth 8-7129] Port ctor_lvt_context_in[periodns][22] in module livt_math_arithmetic_unsigneddivision_g_31_sig_00e979e2352c is either unconnected or has no load
WARNING: [Synth 8-7129] Port ctor_lvt_context_in[periodns][21] in module livt_math_arithmetic_unsigneddivision_g_31_sig_00e979e2352c is either unconnected or has no load
WARNING: [Synth 8-7129] Port ctor_lvt_context_in[periodns][20] in module livt_math_arithmetic_unsigneddivision_g_31_sig_00e979e2352c is either unconnected or has no load
WARNING: [Synth 8-7129] Port ctor_lvt_context_in[periodns][19] in module livt_math_arithmetic_unsigneddivision_g_31_sig_00e979e2352c is either unconnected or has no load
WARNING: [Synth 8-7129] Port ctor_lvt_context_in[periodns][18] in module livt_math_arithmetic_unsigneddivision_g_31_sig_00e979e2352c is either unconnected or has no load
WARNING: [Synth 8-7129] Port ctor_lvt_context_in[periodns][17] in module livt_math_arithmetic_unsigneddivision_g_31_sig_00e979e2352c is either unconnected or has no load
WARNING: [Synth 8-7129] Port ctor_lvt_context_in[periodns][16] in module livt_math_arithmetic_unsigneddivision_g_31_sig_00e979e2352c is either unconnected or has no load
WARNING: [Synth 8-7129] Port ctor_lvt_context_in[periodns][15] in module livt_math_arithmetic_unsigneddivision_g_31_sig_00e979e2352c is either unconnected or has no load
WARNING: [Synth 8-7129] Port ctor_lvt_context_in[periodns][14] in module livt_math_arithmetic_unsigneddivision_g_31_sig_00e979e2352c is either unconnected or has no load
WARNING: [Synth 8-7129] Port ctor_lvt_context_in[periodns][13] in module livt_math_arithmetic_unsigneddivision_g_31_sig_00e979e2352c is either unconnected or has no load
WARNING: [Synth 8-7129] Port ctor_lvt_context_in[periodns][12] in module livt_math_arithmetic_unsigneddivision_g_31_sig_00e979e2352c is either unconnected or has no load
WARNING: [Synth 8-7129] Port ctor_lvt_context_in[periodns][11] in module livt_math_arithmetic_unsigneddivision_g_31_sig_00e979e2352c is either unconnected or has no load
WARNING: [Synth 8-7129] Port ctor_lvt_context_in[periodns][10] in module livt_math_arithmetic_unsigneddivision_g_31_sig_00e979e2352c is either unconnected or has no load
WARNING: [Synth 8-7129] Port ctor_lvt_context_in[periodns][9] in module livt_math_arithmetic_unsigneddivision_g_31_sig_00e979e2352c is either unconnected or has no load
WARNING: [Synth 8-7129] Port ctor_lvt_context_in[periodns][8] in module livt_math_arithmetic_unsigneddivision_g_31_sig_00e979e2352c is either unconnected or has no load
WARNING: [Synth 8-7129] Port ctor_lvt_context_in[periodns][7] in module livt_math_arithmetic_unsigneddivision_g_31_sig_00e979e2352c is either unconnected or has no load
WARNING: [Synth 8-7129] Port ctor_lvt_context_in[periodns][6] in module livt_math_arithmetic_unsigneddivision_g_31_sig_00e979e2352c is either unconnected or has no load
WARNING: [Synth 8-7129] Port ctor_lvt_context_in[periodns][5] in module livt_math_arithmetic_unsigneddivision_g_31_sig_00e979e2352c is either unconnected or has no load
WARNING: [Synth 8-7129] Port ctor_lvt_context_in[periodns][4] in module livt_math_arithmetic_unsigneddivision_g_31_sig_00e979e2352c is either unconnected or has no load
WARNING: [Synth 8-7129] Port ctor_lvt_context_in[periodns][3] in module livt_math_arithmetic_unsigneddivision_g_31_sig_00e979e2352c is either unconnected or has no load
WARNING: [Synth 8-7129] Port ctor_lvt_context_in[periodns][2] in module livt_math_arithmetic_unsigneddivision_g_31_sig_00e979e2352c is either unconnected or has no load
WARNING: [Synth 8-7129] Port ctor_lvt_context_in[periodns][1] in module livt_math_arithmetic_unsigneddivision_g_31_sig_00e979e2352c is either unconnected or has no load
WARNING: [Synth 8-7129] Port ctor_lvt_context_in[periodns][0] in module livt_math_arithmetic_unsigneddivision_g_31_sig_00e979e2352c is either unconnected or has no load
WARNING: [Synth 8-7129] Port ctor_lvt_context_in[hightimens][31] in module livt_math_arithmetic_unsigneddivision_g_31_sig_00e979e2352c is either unconnected or has no load
WARNING: [Synth 8-7129] Port ctor_lvt_context_in[hightimens][30] in module livt_math_arithmetic_unsigneddivision_g_31_sig_00e979e2352c is either unconnected or has no load
WARNING: [Synth 8-7129] Port ctor_lvt_context_in[hightimens][29] in module livt_math_arithmetic_unsigneddivision_g_31_sig_00e979e2352c is either unconnected or has no load
WARNING: [Synth 8-7129] Port ctor_lvt_context_in[hightimens][28] in module livt_math_arithmetic_unsigneddivision_g_31_sig_00e979e2352c is either unconnected or has no load
WARNING: [Synth 8-7129] Port ctor_lvt_context_in[hightimens][27] in module livt_math_arithmetic_unsigneddivision_g_31_sig_00e979e2352c is either unconnected or has no load
WARNING: [Synth 8-7129] Port ctor_lvt_context_in[hightimens][26] in module livt_math_arithmetic_unsigneddivision_g_31_sig_00e979e2352c is either unconnected or has no load
WARNING: [Synth 8-7129] Port ctor_lvt_context_in[hightimens][25] in module livt_math_arithmetic_unsigneddivision_g_31_sig_00e979e2352c is either unconnected or has no load
WARNING: [Synth 8-7129] Port ctor_lvt_context_in[hightimens][24] in module livt_math_arithmetic_unsigneddivision_g_31_sig_00e979e2352c is either unconnected or has no load
WARNING: [Synth 8-7129] Port ctor_lvt_context_in[hightimens][23] in module livt_math_arithmetic_unsigneddivision_g_31_sig_00e979e2352c is either unconnected or has no load
WARNING: [Synth 8-7129] Port ctor_lvt_context_in[hightimens][22] in module livt_math_arithmetic_unsigneddivision_g_31_sig_00e979e2352c is either unconnected or has no load
WARNING: [Synth 8-7129] Port ctor_lvt_context_in[hightimens][21] in module livt_math_arithmetic_unsigneddivision_g_31_sig_00e979e2352c is either unconnected or has no load
WARNING: [Synth 8-7129] Port ctor_lvt_context_in[hightimens][20] in module livt_math_arithmetic_unsigneddivision_g_31_sig_00e979e2352c is either unconnected or has no load
WARNING: [Synth 8-7129] Port ctor_lvt_context_in[hightimens][19] in module livt_math_arithmetic_unsigneddivision_g_31_sig_00e979e2352c is either unconnected or has no load
WARNING: [Synth 8-7129] Port ctor_lvt_context_in[hightimens][18] in module livt_math_arithmetic_unsigneddivision_g_31_sig_00e979e2352c is either unconnected or has no load
WARNING: [Synth 8-7129] Port ctor_lvt_context_in[hightimens][17] in module livt_math_arithmetic_unsigneddivision_g_31_sig_00e979e2352c is either unconnected or has no load
WARNING: [Synth 8-7129] Port ctor_lvt_context_in[hightimens][16] in module livt_math_arithmetic_unsigneddivision_g_31_sig_00e979e2352c is either unconnected or has no load
WARNING: [Synth 8-7129] Port ctor_lvt_context_in[hightimens][15] in module livt_math_arithmetic_unsigneddivision_g_31_sig_00e979e2352c is either unconnected or has no load
WARNING: [Synth 8-7129] Port ctor_lvt_context_in[hightimens][14] in module livt_math_arithmetic_unsigneddivision_g_31_sig_00e979e2352c is either unconnected or has no load
WARNING: [Synth 8-7129] Port ctor_lvt_context_in[hightimens][13] in module livt_math_arithmetic_unsigneddivision_g_31_sig_00e979e2352c is either unconnected or has no load
WARNING: [Synth 8-7129] Port ctor_lvt_context_in[hightimens][12] in module livt_math_arithmetic_unsigneddivision_g_31_sig_00e979e2352c is either unconnected or has no load
WARNING: [Synth 8-7129] Port ctor_lvt_context_in[hightimens][11] in module livt_math_arithmetic_unsigneddivision_g_31_sig_00e979e2352c is either unconnected or has no load
WARNING: [Synth 8-7129] Port ctor_lvt_context_in[hightimens][10] in module livt_math_arithmetic_unsigneddivision_g_31_sig_00e979e2352c is either unconnected or has no load
WARNING: [Synth 8-7129] Port ctor_lvt_context_in[hightimens][9] in module livt_math_arithmetic_unsigneddivision_g_31_sig_00e979e2352c is either unconnected or has no load
WARNING: [Synth 8-7129] Port ctor_lvt_context_in[hightimens][8] in module livt_math_arithmetic_unsigneddivision_g_31_sig_00e979e2352c is either unconnected or has no load
WARNING: [Synth 8-7129] Port ctor_lvt_context_in[hightimens][7] in module livt_math_arithmetic_unsigneddivision_g_31_sig_00e979e2352c is either unconnected or has no load
WARNING: [Synth 8-7129] Port ctor_lvt_context_in[hightimens][6] in module livt_math_arithmetic_unsigneddivision_g_31_sig_00e979e2352c is either unconnected or has no load
WARNING: [Synth 8-7129] Port ctor_lvt_context_in[hightimens][5] in module livt_math_arithmetic_unsigneddivision_g_31_sig_00e979e2352c is either unconnected or has no load
WARNING: [Synth 8-7129] Port ctor_lvt_context_in[hightimens][4] in module livt_math_arithmetic_unsigneddivision_g_31_sig_00e979e2352c is either unconnected or has no load
WARNING: [Synth 8-7129] Port ctor_lvt_context_in[hightimens][3] in module livt_math_arithmetic_unsigneddivision_g_31_sig_00e979e2352c is either unconnected or has no load
WARNING: [Synth 8-7129] Port ctor_lvt_context_in[hightimens][2] in module livt_math_arithmetic_unsigneddivision_g_31_sig_00e979e2352c is either unconnected or has no load
WARNING: [Synth 8-7129] Port ctor_lvt_context_in[hightimens][1] in module livt_math_arithmetic_unsigneddivision_g_31_sig_00e979e2352c is either unconnected or has no load
WARNING: [Synth 8-7129] Port ctor_lvt_context_in[hightimens][0] in module livt_math_arithmetic_unsigneddivision_g_31_sig_00e979e2352c is either unconnected or has no load
WARNING: [Synth 8-7129] Port ctor_lvt_context_in[lowtimens][31] in module livt_math_arithmetic_unsigneddivision_g_31_sig_00e979e2352c is either unconnected or has no load
WARNING: [Synth 8-7129] Port ctor_lvt_context_in[lowtimens][30] in module livt_math_arithmetic_unsigneddivision_g_31_sig_00e979e2352c is either unconnected or has no load
WARNING: [Synth 8-7129] Port ctor_lvt_context_in[lowtimens][29] in module livt_math_arithmetic_unsigneddivision_g_31_sig_00e979e2352c is either unconnected or has no load
WARNING: [Synth 8-7129] Port ctor_lvt_context_in[lowtimens][28] in module livt_math_arithmetic_unsigneddivision_g_31_sig_00e979e2352c is either unconnected or has no load
INFO: [Common 17-14] Message 'Synth 8-7129' appears 100 times and further instances of the messages will be disabled. Use the Tcl command set_msg_config to change the current settings.
---------------------------------------------------------------------------------
Finished RTL Elaboration : Time (s): cpu = 00:00:12 ; elapsed = 00:00:12 . Memory (MB): peak = 2509.352 ; gain = 650.664 ; free physical = 13160 ; free virtual = 28987
---------------------------------------------------------------------------------
---------------------------------------------------------------------------------
Start Handling Custom Attributes
---------------------------------------------------------------------------------
---------------------------------------------------------------------------------
Finished Handling Custom Attributes : Time (s): cpu = 00:00:12 ; elapsed = 00:00:12 . Memory (MB): peak = 2509.352 ; gain = 650.664 ; free physical = 13158 ; free virtual = 28985
---------------------------------------------------------------------------------
---------------------------------------------------------------------------------
Finished RTL Optimization Phase 1 : Time (s): cpu = 00:00:12 ; elapsed = 00:00:12 . Memory (MB): peak = 2509.352 ; gain = 650.664 ; free physical = 13158 ; free virtual = 28985
---------------------------------------------------------------------------------
Netlist sorting complete. Time (s): cpu = 00:00:00.05 ; elapsed = 00:00:00.04 . Memory (MB): peak = 2509.352 ; gain = 0.000 ; free physical = 13151 ; free virtual = 28978
INFO: [Project 1-570] Preparing netlist for logic optimization

Processing XDC Constraints
Initializing timing engine
Parsing XDC File [/tmp/livt-division-change/divider-synthesis-complete/clock.xdc]
Finished Parsing XDC File [/tmp/livt-division-change/divider-synthesis-complete/clock.xdc]
Completed Processing XDC Constraints

Netlist sorting complete. Time (s): cpu = 00:00:00.01 ; elapsed = 00:00:00 . Memory (MB): peak = 2608.816 ; gain = 0.000 ; free physical = 13113 ; free virtual = 28941
INFO: [Project 1-111] Unisim Transformation Summary:
No Unisim elements were transformed.

Constraint Validation Runtime : Time (s): cpu = 00:00:00.04 ; elapsed = 00:00:00.04 . Memory (MB): peak = 2608.852 ; gain = 0.000 ; free physical = 13118 ; free virtual = 28946
---------------------------------------------------------------------------------
Finished Constraint Validation : Time (s): cpu = 00:00:23 ; elapsed = 00:00:23 . Memory (MB): peak = 2608.852 ; gain = 750.164 ; free physical = 13206 ; free virtual = 29027
---------------------------------------------------------------------------------
---------------------------------------------------------------------------------
Start Loading Part and Timing Information
---------------------------------------------------------------------------------
Loading part: xc7a100tcsg324-1
---------------------------------------------------------------------------------
Finished Loading Part and Timing Information : Time (s): cpu = 00:00:23 ; elapsed = 00:00:23 . Memory (MB): peak = 2616.820 ; gain = 758.133 ; free physical = 13206 ; free virtual = 29027
---------------------------------------------------------------------------------
---------------------------------------------------------------------------------
Start Applying 'set_property' XDC Constraints
---------------------------------------------------------------------------------
---------------------------------------------------------------------------------
Finished applying 'set_property' XDC Constraints : Time (s): cpu = 00:00:23 ; elapsed = 00:00:23 . Memory (MB): peak = 2616.820 ; gain = 758.133 ; free physical = 13206 ; free virtual = 29027
---------------------------------------------------------------------------------
INFO: [Synth 8-802] inferred FSM for state register 'compute_fn_reset_sync.this_compute_lvt_state_reg' in module 'livt_math_arithmetic_unsigneddivision_g_31_sig_00e979e2352c'
INFO: [Synth 8-802] inferred FSM for state register 'getquotient_fn_reset_sync.this_getquotient_lvt_state_reg' in module 'livt_math_arithmetic_unsigneddivision_g_31_sig_00e979e2352c'
INFO: [Synth 8-802] inferred FSM for state register 'getremainder_fn_reset_sync.this_getremainder_lvt_state_reg' in module 'livt_math_arithmetic_unsigneddivision_g_31_sig_00e979e2352c'
INFO: [Synth 8-802] inferred FSM for state register 'divide_fn_reset_sync.this_divide_lvt_state_reg' in module 'livt_math_arithmetic_unsigneddivision_g_31_sig_00e979e2352c'
INFO: [Synth 8-802] inferred FSM for state register 'remainder_fn_reset_sync.this_remainder_lvt_state_reg' in module 'livt_math_arithmetic_unsigneddivision_g_31_sig_00e979e2352c'
INFO: [Synth 8-802] inferred FSM for state register 'moduloeuclidean_fn_reset_sync.this_moduloeuclidean_lvt_state_reg' in module 'livt_math_arithmetic_unsigneddivision_g_31_sig_00e979e2352c'
INFO: [Synth 8-802] inferred FSM for state register 'failed_fn_reset_sync.this_failed_lvt_state_reg' in module 'livt_math_arithmetic_unsigneddivision_g_31_sig_00e979e2352c'
---------------------------------------------------------------------------------------------------
                   State |                     New Encoding |                Previous Encoding 
---------------------------------------------------------------------------------------------------
      remainder_lvt_idle |                      00000000001 |                             0000
         remainder_lvt_0 |                      00000000010 |                             0001
         remainder_lvt_1 |                      00000000100 |                             0010
         remainder_lvt_2 |                      00000001000 |                             0011
         remainder_lvt_3 |                      00000010000 |                             0100
         remainder_lvt_4 |                      00000100000 |                             0101
         remainder_lvt_5 |                      00001000000 |                             0110
         remainder_lvt_6 |                      00010000000 |                             0111
    remainder_lvt_return |                      00100000000 |                             1010
remainder_dispatcher_pending_0 |                      01000000000 |                             1000
remainder_dispatcher_pending_1 |                      10000000000 |                             1001
---------------------------------------------------------------------------------------------------
INFO: [Synth 8-3354] encoded FSM with state register 'remainder_fn_reset_sync.this_remainder_lvt_state_reg' using encoding 'one-hot' in module 'livt_math_arithmetic_unsigneddivision_g_31_sig_00e979e2352c'
---------------------------------------------------------------------------------------------------
                   State |                     New Encoding |                Previous Encoding 
---------------------------------------------------------------------------------------------------
moduloeuclidean_lvt_idle |                      00000000001 |                             0000
   moduloeuclidean_lvt_0 |                      00000000010 |                             0001
   moduloeuclidean_lvt_1 |                      00000000100 |                             0010
   moduloeuclidean_lvt_2 |                      00000001000 |                             0011
   moduloeuclidean_lvt_3 |                      00000010000 |                             0100
   moduloeuclidean_lvt_4 |                      00000100000 |                             0101
   moduloeuclidean_lvt_5 |                      00001000000 |                             0110
   moduloeuclidean_lvt_6 |                      00010000000 |                             0111
moduloeuclidean_lvt_return |                      00100000000 |                             1010
moduloeuclidean_dispatcher_pending_0 |                      01000000000 |                             1000
moduloeuclidean_dispatcher_pending_1 |                      10000000000 |                             1001
---------------------------------------------------------------------------------------------------
INFO: [Synth 8-3354] encoded FSM with state register 'moduloeuclidean_fn_reset_sync.this_moduloeuclidean_lvt_state_reg' using encoding 'one-hot' in module 'livt_math_arithmetic_unsigneddivision_g_31_sig_00e979e2352c'
---------------------------------------------------------------------------------------------------
                   State |                     New Encoding |                Previous Encoding 
---------------------------------------------------------------------------------------------------
        compute_lvt_idle |                           000000 |                           000000
           compute_lvt_0 |                           000001 |                           000001
           compute_lvt_1 |                           000010 |                           000010
           compute_lvt_2 |                           000011 |                           001110
           compute_lvt_3 |                           000100 |                           011001
           compute_lvt_4 |                           000101 |                           011110
           compute_lvt_5 |                           000110 |                           011111
           compute_lvt_6 |                           000111 |                           100000
           compute_lvt_7 |                           001000 |                           100001
           compute_lvt_8 |                           001001 |                           100010
           compute_lvt_9 |                           001010 |                           100011
          compute_lvt_10 |                           001011 |                           000011
          compute_lvt_11 |                           001100 |                           000100
          compute_lvt_12 |                           001101 |                           000101
       compute_lvt_12_if |                           001110 |                           000110
          compute_lvt_13 |                           001111 |                           000111
       compute_lvt_13_if |                           010000 |                           001000
          compute_lvt_14 |                           010001 |                           001001
          compute_lvt_15 |                           010010 |                           001010
          compute_lvt_16 |                           010011 |                           001011
          compute_lvt_17 |                           010100 |                           001100
          compute_lvt_18 |                           010101 |                           001101
          compute_lvt_20 |                           010110 |                           001111
          compute_lvt_21 |                           010111 |                           010000
          compute_lvt_22 |                           011000 |                           010001
          compute_lvt_23 |                           011001 |                           010010
          compute_lvt_24 |                           011010 |                           010011
          compute_lvt_25 |                           011011 |                           010100
          compute_lvt_26 |                           011100 |                           010101
          compute_lvt_27 |                           011101 |                           010110
          compute_lvt_28 |                           011110 |                           010111
          compute_lvt_29 |                           011111 |                           011000
          compute_lvt_30 |                           100000 |                           011010
          compute_lvt_31 |                           100001 |                           011011
          compute_lvt_32 |                           100010 |                           011100
          compute_lvt_33 |                           100011 |                           011101
      compute_lvt_return |                           100100 |                           100110
compute_dispatcher_pending_0 |                           100101 |                           100100
compute_dispatcher_pending_1 |                           100110 |                           100101
---------------------------------------------------------------------------------------------------
INFO: [Synth 8-3354] encoded FSM with state register 'compute_fn_reset_sync.this_compute_lvt_state_reg' using encoding 'sequential' in module 'livt_math_arithmetic_unsigneddivision_g_31_sig_00e979e2352c'
---------------------------------------------------------------------------------------------------
                   State |                     New Encoding |                Previous Encoding 
---------------------------------------------------------------------------------------------------
         divide_lvt_idle |                      00000000001 |                             0000
            divide_lvt_0 |                      00000000010 |                             0001
            divide_lvt_1 |                      00000000100 |                             0010
            divide_lvt_2 |                      00000001000 |                             0011
            divide_lvt_3 |                      00000010000 |                             0100
            divide_lvt_4 |                      00000100000 |                             0101
            divide_lvt_5 |                      00001000000 |                             0110
            divide_lvt_6 |                      00010000000 |                             0111
       divide_lvt_return |                      00100000000 |                             1010
divide_dispatcher_pending_0 |                      01000000000 |                             1000
divide_dispatcher_pending_1 |                      10000000000 |                             1001
---------------------------------------------------------------------------------------------------
INFO: [Synth 8-3354] encoded FSM with state register 'divide_fn_reset_sync.this_divide_lvt_state_reg' using encoding 'one-hot' in module 'livt_math_arithmetic_unsigneddivision_g_31_sig_00e979e2352c'
---------------------------------------------------------------------------------------------------
                   State |                     New Encoding |                Previous Encoding 
---------------------------------------------------------------------------------------------------
    getquotient_lvt_idle |                            00001 |                              000
       getquotient_lvt_0 |                            00010 |                              001
  getquotient_lvt_return |                            00100 |                              100
getquotient_dispatcher_pending_0 |                            01000 |                              010
getquotient_dispatcher_pending_1 |                            10000 |                              011
---------------------------------------------------------------------------------------------------
INFO: [Synth 8-3354] encoded FSM with state register 'getquotient_fn_reset_sync.this_getquotient_lvt_state_reg' using encoding 'one-hot' in module 'livt_math_arithmetic_unsigneddivision_g_31_sig_00e979e2352c'
---------------------------------------------------------------------------------------------------
                   State |                     New Encoding |                Previous Encoding 
---------------------------------------------------------------------------------------------------
   getremainder_lvt_idle |                            00001 |                              000
      getremainder_lvt_0 |                            00010 |                              001
 getremainder_lvt_return |                            00100 |                              100
getremainder_dispatcher_pending_0 |                            01000 |                              010
getremainder_dispatcher_pending_1 |                            10000 |                              011
---------------------------------------------------------------------------------------------------
INFO: [Synth 8-3354] encoded FSM with state register 'getremainder_fn_reset_sync.this_getremainder_lvt_state_reg' using encoding 'one-hot' in module 'livt_math_arithmetic_unsigneddivision_g_31_sig_00e979e2352c'
---------------------------------------------------------------------------------------------------
                   State |                     New Encoding |                Previous Encoding 
---------------------------------------------------------------------------------------------------
         failed_lvt_idle |                            00001 |                              000
            failed_lvt_0 |                            00010 |                              001
       failed_lvt_return |                            00100 |                              100
failed_dispatcher_pending_0 |                            01000 |                              010
failed_dispatcher_pending_1 |                            10000 |                              011
---------------------------------------------------------------------------------------------------
INFO: [Synth 8-3354] encoded FSM with state register 'failed_fn_reset_sync.this_failed_lvt_state_reg' using encoding 'one-hot' in module 'livt_math_arithmetic_unsigneddivision_g_31_sig_00e979e2352c'
---------------------------------------------------------------------------------
Finished RTL Optimization Phase 2 : Time (s): cpu = 00:00:24 ; elapsed = 00:00:25 . Memory (MB): peak = 2616.820 ; gain = 758.133 ; free physical = 13245 ; free virtual = 29068
---------------------------------------------------------------------------------
---------------------------------------------------------------------------------
Start RTL Component Statistics 
---------------------------------------------------------------------------------
Detailed RTL Component Info : 
+---Adders : 
	   2 Input   32 Bit       Adders := 4     
	   3 Input   32 Bit       Adders := 1     
	   4 Input   32 Bit       Adders := 1     
	   2 Input    4 Bit       Adders := 5     
+---Registers : 
	               32 Bit    Registers := 46    
	                5 Bit    Registers := 2     
	                4 Bit    Registers := 1     
	                3 Bit    Registers := 1     
	                1 Bit    Registers := 42    
+---Muxes : 
	   2 Input   32 Bit        Muxes := 143   
	  39 Input   32 Bit        Muxes := 10    
	  39 Input    6 Bit        Muxes := 1     
	   2 Input    6 Bit        Muxes := 3     
	   7 Input    4 Bit        Muxes := 1     
	   2 Input    1 Bit        Muxes := 53    
	  11 Input    1 Bit        Muxes := 18    
	  39 Input    1 Bit        Muxes := 19    
	   5 Input    1 Bit        Muxes := 9     
---------------------------------------------------------------------------------
Finished RTL Component Statistics 
---------------------------------------------------------------------------------
---------------------------------------------------------------------------------
Start Part Resource Summary
---------------------------------------------------------------------------------
Part Resources:
DSPs: 240 (col length:80)
BRAMs: 270 (col length: RAMB18 80 RAMB36 40)
---------------------------------------------------------------------------------
Finished Part Resource Summary
---------------------------------------------------------------------------------
---------------------------------------------------------------------------------
Start Cross Boundary and Area Optimization
---------------------------------------------------------------------------------
---------------------------------------------------------------------------------
Finished Cross Boundary and Area Optimization : Time (s): cpu = 00:03:13 ; elapsed = 00:03:15 . Memory (MB): peak = 2727.914 ; gain = 869.227 ; free physical = 11326 ; free virtual = 27227
---------------------------------------------------------------------------------
---------------------------------------------------------------------------------
Start Applying XDC Timing Constraints
---------------------------------------------------------------------------------
---------------------------------------------------------------------------------
Finished Applying XDC Timing Constraints : Time (s): cpu = 00:03:19 ; elapsed = 00:03:21 . Memory (MB): peak = 2727.914 ; gain = 869.227 ; free physical = 10423 ; free virtual = 26315
---------------------------------------------------------------------------------
---------------------------------------------------------------------------------
Start Timing Optimization
---------------------------------------------------------------------------------
---------------------------------------------------------------------------------
Finished Timing Optimization : Time (s): cpu = 00:03:22 ; elapsed = 00:03:25 . Memory (MB): peak = 2729.922 ; gain = 871.234 ; free physical = 10648 ; free virtual = 26538
---------------------------------------------------------------------------------
---------------------------------------------------------------------------------
Start Technology Mapping
---------------------------------------------------------------------------------
---------------------------------------------------------------------------------
Finished Technology Mapping : Time (s): cpu = 00:03:24 ; elapsed = 00:03:27 . Memory (MB): peak = 2808.930 ; gain = 950.242 ; free physical = 10297 ; free virtual = 26187
---------------------------------------------------------------------------------
---------------------------------------------------------------------------------
Start IO Insertion
---------------------------------------------------------------------------------
---------------------------------------------------------------------------------
Start Flattening Before IO Insertion
---------------------------------------------------------------------------------
---------------------------------------------------------------------------------
Finished Flattening Before IO Insertion
---------------------------------------------------------------------------------
---------------------------------------------------------------------------------
Start Final Netlist Cleanup
---------------------------------------------------------------------------------
---------------------------------------------------------------------------------
Finished Final Netlist Cleanup
---------------------------------------------------------------------------------
---------------------------------------------------------------------------------
Finished IO Insertion : Time (s): cpu = 00:03:32 ; elapsed = 00:03:35 . Memory (MB): peak = 2912.742 ; gain = 1054.055 ; free physical = 9134 ; free virtual = 25029
---------------------------------------------------------------------------------
---------------------------------------------------------------------------------
Start Renaming Generated Instances
---------------------------------------------------------------------------------
---------------------------------------------------------------------------------
Finished Renaming Generated Instances : Time (s): cpu = 00:03:32 ; elapsed = 00:03:35 . Memory (MB): peak = 2912.742 ; gain = 1054.055 ; free physical = 9134 ; free virtual = 25029
---------------------------------------------------------------------------------
---------------------------------------------------------------------------------
Start Rebuilding User Hierarchy
---------------------------------------------------------------------------------
---------------------------------------------------------------------------------
Finished Rebuilding User Hierarchy : Time (s): cpu = 00:03:32 ; elapsed = 00:03:35 . Memory (MB): peak = 2912.742 ; gain = 1054.055 ; free physical = 9130 ; free virtual = 25025
---------------------------------------------------------------------------------
---------------------------------------------------------------------------------
Start Renaming Generated Ports
---------------------------------------------------------------------------------
---------------------------------------------------------------------------------
Finished Renaming Generated Ports : Time (s): cpu = 00:03:32 ; elapsed = 00:03:35 . Memory (MB): peak = 2912.742 ; gain = 1054.055 ; free physical = 9130 ; free virtual = 25025
---------------------------------------------------------------------------------
---------------------------------------------------------------------------------
Start Handling Custom Attributes
---------------------------------------------------------------------------------
---------------------------------------------------------------------------------
Finished Handling Custom Attributes : Time (s): cpu = 00:03:33 ; elapsed = 00:03:35 . Memory (MB): peak = 2912.742 ; gain = 1054.055 ; free physical = 9130 ; free virtual = 25025
---------------------------------------------------------------------------------
---------------------------------------------------------------------------------
Start Renaming Generated Nets
---------------------------------------------------------------------------------
---------------------------------------------------------------------------------
Finished Renaming Generated Nets : Time (s): cpu = 00:03:33 ; elapsed = 00:03:35 . Memory (MB): peak = 2912.742 ; gain = 1054.055 ; free physical = 9130 ; free virtual = 25025
---------------------------------------------------------------------------------
---------------------------------------------------------------------------------
Start Writing Synthesis Report
---------------------------------------------------------------------------------

Report BlackBoxes: 
+-+--------------+----------+
| |BlackBox name |Instances |
+-+--------------+----------+
+-+--------------+----------+

Report Cell Usage: 
+------+-------+------+
|      |Cell   |Count |
+------+-------+------+
|1     |CARRY4 |    59|
|2     |LUT1   |   127|
|3     |LUT2   |   213|
|4     |LUT3   |   321|
|5     |LUT4   |   142|
|6     |LUT5   |    63|
|7     |LUT6   |   628|
|8     |MUXF7  |     4|
|9     |MUXF8  |     1|
|10    |FDRE   |  1474|
|11    |FDSE   |    13|
+------+-------+------+
---------------------------------------------------------------------------------
Finished Writing Synthesis Report : Time (s): cpu = 00:03:33 ; elapsed = 00:03:35 . Memory (MB): peak = 2912.742 ; gain = 1054.055 ; free physical = 9130 ; free virtual = 25025
---------------------------------------------------------------------------------
Synthesis finished with 0 errors, 0 critical warnings and 128 warnings.
Synthesis Optimization Runtime : Time (s): cpu = 00:03:30 ; elapsed = 00:03:32 . Memory (MB): peak = 2912.742 ; gain = 954.555 ; free physical = 9107 ; free virtual = 25002
Synthesis Optimization Complete : Time (s): cpu = 00:03:33 ; elapsed = 00:03:35 . Memory (MB): peak = 2912.750 ; gain = 1054.055 ; free physical = 9107 ; free virtual = 25002
INFO: [Project 1-571] Translating synthesized netlist
Netlist sorting complete. Time (s): cpu = 00:00:00.03 ; elapsed = 00:00:00.03 . Memory (MB): peak = 2912.750 ; gain = 0.000 ; free physical = 9287 ; free virtual = 25181
INFO: [Netlist 29-17] Analyzing 64 Unisim elements for replacement
INFO: [Netlist 29-28] Unisim Transformation completed in 0 CPU seconds
WARNING: [Netlist 29-101] Netlist 'livt_math_arithmetic_unsigneddivision_g_31_sig_00e979e2352c_slice' is not ideal for floorplanning, since the cellview 'livt_math_arithmetic_unsigneddivision_g_31_sig_00e979e2352c' contains a large number of primitives.  Please consider enabling hierarchy in synthesis if you want to do floorplanning.
INFO: [Project 1-570] Preparing netlist for logic optimization
Parsing XDC File [/tmp/livt-division-change/divider-synthesis-complete/clock.xdc]
Finished Parsing XDC File [/tmp/livt-division-change/divider-synthesis-complete/clock.xdc]
INFO: [Opt 31-138] Pushed 0 inverter(s) to 0 load pin(s).
Netlist sorting complete. Time (s): cpu = 00:00:00 ; elapsed = 00:00:00 . Memory (MB): peak = 2936.754 ; gain = 0.000 ; free physical = 9172 ; free virtual = 25067
INFO: [Project 1-111] Unisim Transformation Summary:
No Unisim elements were transformed.

Synth Design complete | Checksum: 7dea5aec
INFO: [Common 17-83] Releasing license: Vivado_Synthesis
36 Infos, 139 Warnings, 0 Critical Warnings and 0 Errors encountered.
synth_design completed successfully
synth_design: Time (s): cpu = 00:03:42 ; elapsed = 00:03:43 . Memory (MB): peak = 2936.789 ; gain = 1254.422 ; free physical = 9162 ; free virtual = 25057
INFO: [Common 17-2834] synth_design peak Physical Memory [PSS] (MB): overall = 2364.625; main = 2297.830; forked = 342.014
INFO: [Common 17-2834] synth_design peak Virtual Memory [VSS] (MB): overall = 3846.574; main = 2936.758; forked = 1029.641
INFO: [Timing 38-35] Done setting XDC timing constraints.
INFO: [Timing 38-91] UpdateTimingParams: Speed grade: -1, Delay Type: min_max.
INFO: [Timing 38-191] Multithreading enabled for timing update using a maximum of 4 CPUs
WARNING: [Timing 38-242] The property HD.CLK_SRC of clock port "Clk" is not set. In out-of-context mode, this prevents timing estimation for clock delay/skew
Resolution: Set the HD.CLK_SRC property of the out-of-context port to the location of the clock buffer instance in the top-level design
report_timing_summary: Time (s): cpu = 00:00:07 ; elapsed = 00:00:07 . Memory (MB): peak = 2952.754 ; gain = 15.965 ; free physical = 8944 ; free virtual = 24841
FT5_SLICE_LATCHES=0
INFO: [Timing 38-480] Writing timing data to binary archive.
Write ShapeDB Complete: Time (s): cpu = 00:00:00.01 ; elapsed = 00:00:00 . Memory (MB): peak = 2984.770 ; gain = 0.000 ; free physical = 8950 ; free virtual = 24847
INFO: [Common 17-1381] The checkpoint '/tmp/livt-division-change/divider-synthesis-complete/synth.dcp' has been generated.
FT5_SLICE_PASS
INFO: [Common 17-206] Exiting Vivado at Wed Sep 30 11:23:11 2026...
