Copyright 1986-2022 Xilinx, Inc. All Rights Reserved. Copyright 2022-2026 Advanced Micro Devices, Inc. All Rights Reserved.
---------------------------------------------------------------------------------------------------------------------------------------------
| Tool Version : Vivado v.2026.1 (lin64) Build 6511674 Tue Jun 16 11:01:26 MDT 2026
| Date         : Wed Sep 30 16:12:06 2026
| Host         : vagrant-devbox running 64-bit Ubuntu 24.04.4 LTS
| Command      : report_utilization -hierarchical -file routed_hierarchical.rpt
| Design       : livt_onnx_flant5_flant5application_wrapper
| Device       : xc7a200tfbg676-1
| Speed File   : -1
| Design State : Routed
---------------------------------------------------------------------------------------------------------------------------------------------

Utilization Design Information

Table of Contents
-----------------
1. Utilization by Hierarchy

1. Utilization by Hierarchy
---------------------------

+------------------------------------------------+-----------------------------------------------------------------------------------------------------------------------------------------------------+------------+------------+---------+------+--------+--------+--------+------------+
|                    Instance                    |                                                                        Module                                                                       | Total LUTs | Logic LUTs | LUTRAMs | SRLs |   FFs  | RAMB36 | RAMB18 | DSP Blocks |
+------------------------------------------------+-----------------------------------------------------------------------------------------------------------------------------------------------------+------------+------------+---------+------+--------+--------+--------+------------+
| livt_onnx_flant5_flant5application_wrapper     |                                                                                                                                               (top) |      90586 |      90586 |       0 |    0 | 101832 |      7 |      7 |        181 |
|   (livt_onnx_flant5_flant5application_wrapper) |                                                                                                                                               (top) |          0 |          0 |       0 |    0 |      0 |      0 |      0 |          0 |
|   livt_onnx_flant5_flant5application_i         |                                                                                                                  livt_onnx_flant5_flant5application |      90586 |      90586 |       0 |    0 | 101832 |      7 |      7 |        181 |
|     (livt_onnx_flant5_flant5application_i)     |                                                                                                                  livt_onnx_flant5_flant5application |        132 |        132 |       0 |    0 |   2574 |      0 |      0 |          0 |
|     console_instance                           |                  livt_onnx_flant5_flant5console_g_buffereduart_512_64_enum_uartdatabits_eight_enum_uartparity_none_enum_uartstopbi_sig_a00e733aaf42 |       2673 |       2673 |       0 |    0 |   1737 |      0 |      0 |          0 |
|     flash_instance                             |                                                                                       livt_onnx_flant5_flant5flashreader_g_1000000_sig_bc1cf83c60bf |        678 |        678 |       0 |    0 |   3562 |      0 |      0 |          0 |
|     generation_instance                        |                                    livt_onnx_flant5_flant5generation_g_flant5ddrmemory_1000000_flant5model_flant5ddrmemory_1000000_sig_05b42472a99c |      17007 |      17007 |       0 |    0 |  21584 |      7 |      4 |          0 |
|       (generation_instance)                    |                                    livt_onnx_flant5_flant5generation_g_flant5ddrmemory_1000000_flant5model_flant5ddrmemory_1000000_sig_05b42472a99c |        676 |        676 |       0 |    0 |   1366 |      0 |      0 |          0 |
|       decoder_instance                         | eccelerators_tokenization_unigram_storedmetaspacedecoder_g_320_20_flant5tokenizertables_flant5ddrmemory_1000000_flant5tokenstorage_sig_f0c374394cde |       1172 |       1172 |       0 |    0 |   1233 |      0 |      0 |          0 |
|       decoderstorage_instance                  |                                                                                     livt_onnx_flant5_flant5tokenstorage_g_byte_320_sig_e3becdc0f810 |        474 |        474 |       0 |    0 |    956 |      0 |      1 |          0 |
|         (decoderstorage_instance)              |                                                                                     livt_onnx_flant5_flant5tokenstorage_g_byte_320_sig_e3becdc0f810 |         11 |         11 |       0 |    0 |    287 |      0 |      0 |          0 |
|         memory_instance                        |                                                                                                        livt_io_blockram_g_byte_320_sig_928a77f76ce5 |        463 |        463 |       0 |    0 |    669 |      0 |      1 |          0 |
|           (memory_instance)                    |                                                                                                        livt_io_blockram_g_byte_320_sig_928a77f76ce5 |         46 |         46 |       0 |    0 |    287 |      0 |      0 |          0 |
|           lvt_access_instance                  |                            livt_io_ramaccess_g_byte_logic_array_9_320_synchronousram_byte_logic_array_9_320_enum_memorystyle_block_sig_508171c23675 |        416 |        416 |       0 |    0 |    382 |      0 |      0 |          0 |
|       tables_instance                          |                                                                   livt_onnx_flant5_flant5tokenizertables_g_flant5ddrmemory_1000000_sig_2ab88bb2b7a1 |       2959 |       2959 |       0 |    0 |   2824 |      0 |      0 |          0 |
|       tokenizer_instance                       |                                                                         livt_onnx_flant5_flant5tokenizer_g_flant5ddrmemory_1000000_sig_80a93a80dda2 |      11726 |      11726 |       0 |    0 |  15205 |      7 |      3 |          0 |
|         (tokenizer_instance)                   |                                                                         livt_onnx_flant5_flant5tokenizer_g_flant5ddrmemory_1000000_sig_80a93a80dda2 |       1719 |       1719 |       0 |    0 |   2624 |      0 |      0 |          0 |
|         normalizer_instance                    |  eccelerators_tokenization_unigram_storedasciimetaspace_g_256_771_flant5tokenizertables_flant5ddrmemory_1000000_flant5tokenstorage_sig_a3e3f70b533a |       1062 |       1062 |       0 |    0 |    880 |      0 |      0 |          0 |
|         normalizerstorage_instance             |                                                                                     livt_onnx_flant5_flant5tokenstorage_g_byte_771_sig_2cf2f99533a6 |        493 |        493 |       0 |    0 |    960 |      0 |      1 |          0 |
|           (normalizerstorage_instance)         |                                                                                     livt_onnx_flant5_flant5tokenstorage_g_byte_771_sig_2cf2f99533a6 |         11 |         11 |       0 |    0 |    287 |      0 |      0 |          0 |
|           memory_instance                      |                                                                                                        livt_io_blockram_g_byte_771_sig_2854f49c1e11 |        482 |        482 |       0 |    0 |    673 |      0 |      1 |          0 |
|             (memory_instance)                  |                                                                                                        livt_io_blockram_g_byte_771_sig_2854f49c1e11 |         46 |         46 |       0 |    0 |    287 |      0 |      0 |          0 |
|             lvt_access_instance                |                           livt_io_ramaccess_g_byte_logic_array_10_771_synchronousram_byte_logic_array_10_771_enum_memorystyle_bloc_sig_15c88ce5555b |        436 |        436 |       0 |    0 |    386 |      0 |      0 |          0 |
|         raw_instance                           |                                                                                     livt_onnx_flant5_flant5tokenstorage_g_byte_256_sig_1cc7813a2748 |        477 |        477 |       0 |    0 |    897 |      0 |      1 |          0 |
|           (raw_instance)                       |                                                                                     livt_onnx_flant5_flant5tokenstorage_g_byte_256_sig_1cc7813a2748 |         47 |         47 |       0 |    0 |    265 |      0 |      0 |          0 |
|           memory_instance                      |                                                                                                        livt_io_blockram_g_byte_256_sig_d6e9b1cac4dc |        430 |        430 |       0 |    0 |    632 |      0 |      1 |          0 |
|             (memory_instance)                  |                                                                                                        livt_io_blockram_g_byte_256_sig_d6e9b1cac4dc |         31 |         31 |       0 |    0 |    265 |      0 |      0 |          0 |
|             lvt_access_instance                |                            livt_io_ramaccess_g_byte_logic_array_8_256_synchronousram_byte_logic_array_8_256_enum_memorystyle_block_sig_e2456719cbc7 |        399 |        399 |       0 |    0 |    367 |      0 |      0 |          0 |
|         segmenter_instance                     | eccelerators_tokenization_unigram_storedunigramsegmenter_g_771_31_flant5tokenizertables_flant5ddrmemory_1000000_flant5unigramstora_sig_7accf655053a |       3833 |       3833 |       0 |    0 |   4283 |      0 |      0 |          0 |
|         tables_instance                        |                                                                 livt_onnx_flant5_flant5tokenizertables_g_flant5ddrmemory_1000000_sig_2ab88bb2b7a1_6 |       3618 |       3618 |       0 |    0 |   3697 |      0 |      0 |          0 |
|         workspace_instance                     |                                                                                       livt_onnx_flant5_flant5unigramstorage_g_3920_sig_1e9ba76f3f71 |        526 |        526 |       0 |    0 |   1864 |      7 |      1 |          0 |
|           (workspace_instance)                 |                                                                                       livt_onnx_flant5_flant5unigramstorage_g_3920_sig_1e9ba76f3f71 |         11 |         11 |       0 |    0 |    567 |      0 |      0 |          0 |
|           memory_instance                      |                                                                                             livt_io_blockram_g_logic_array_64_3920_sig_89618bdce417 |        515 |        515 |       0 |    0 |   1297 |      7 |      1 |          0 |
|             (memory_instance)                  |                                                                                             livt_io_blockram_g_logic_array_64_3920_sig_89618bdce417 |         38 |         38 |       0 |    0 |    567 |      0 |      0 |          0 |
|             lvt_access_instance                |                           livt_io_ramaccess_g_logic_array_64_logic_array_12_3920_synchronousram_logic_array_64_logic_array_12_3920_sig_55ef3706bdbd |        472 |        472 |       0 |    0 |    730 |      0 |      0 |          0 |
|     image_instance                             |                                                                                                                    livt_onnx_flant5_flant5bootimage |        187 |        187 |       0 |    0 |    392 |      0 |      0 |          1 |
|     memory_instance                            |                                                                                         livt_onnx_flant5_flant5ddrmemory_g_1000000_sig_1d18d6608150 |       3726 |       3726 |       0 |    0 |   8765 |      0 |      0 |          0 |
|     model_instance                             |                                                                             livt_onnx_flant5_flant5model_g_flant5ddrmemory_1000000_sig_8edbd3699cea |      52650 |      52650 |       0 |    0 |  50820 |      0 |      3 |        172 |
|       (model_instance)                         |                                                                             livt_onnx_flant5_flant5model_g_flant5ddrmemory_1000000_sig_8edbd3699cea |        182 |        182 |       0 |    0 |   3110 |      0 |      0 |          0 |
|       catalog_instance                         |                                                                                                                livt_onnx_flant5_flant5tensorcatalog |        168 |        168 |       0 |    0 |    284 |      0 |      2 |          0 |
|       decoder_instance                         |                  livt_onnx_flant5_flant5decoder_g_fixedtransformerkernels_32_1024_24_12_15_17_quantizedtensorweights_24_12_20_64_f_sig_fddd74d1496c |       4440 |       4440 |       0 |    0 |   4640 |      0 |      1 |          0 |
|         (decoder_instance)                     |                  livt_onnx_flant5_flant5decoder_g_fixedtransformerkernels_32_1024_24_12_15_17_quantizedtensorweights_24_12_20_64_f_sig_fddd74d1496c |       3832 |       3832 |       0 |    0 |   4561 |      0 |      0 |          0 |
|         layout_instance                        |                                                                                                                livt_onnx_flant5_flant5decodermemory |        289 |        289 |       0 |    0 |     70 |      0 |      0 |          0 |
|         parameters_instance                    |                                                                                                            livt_onnx_flant5_flant5decoderparameters |        322 |        322 |       0 |    0 |      9 |      0 |      1 |          0 |
|       encoder_instance                         |                  livt_onnx_flant5_flant5encoder_g_fixedtransformerkernels_32_1024_24_12_15_17_quantizedtensorweights_24_12_20_64_f_sig_80757c0dd773 |       2170 |       2170 |       0 |    0 |   2455 |      0 |      0 |          0 |
|         (encoder_instance)                     |                  livt_onnx_flant5_flant5encoder_g_fixedtransformerkernels_32_1024_24_12_15_17_quantizedtensorweights_24_12_20_64_f_sig_80757c0dd773 |       1999 |       1999 |       0 |    0 |   2438 |      0 |      0 |          0 |
|         catalog_instance                       |                                                                                                              livt_onnx_flant5_flant5tensorcatalog_5 |        171 |        171 |       0 |    0 |     17 |      0 |      0 |          0 |
|       kernels_instance                         |               livt_ml_transformer_fixedtransformerkernels_g_32_1024_24_12_15_17_quantizedtensorweights_24_12_20_64_flant5tensorcat_sig_0cdeb1de27a7 |      34314 |      34314 |       0 |    0 |  31277 |      0 |      0 |        128 |
|         (kernels_instance)                     |               livt_ml_transformer_fixedtransformerkernels_g_32_1024_24_12_15_17_quantizedtensorweights_24_12_20_64_flant5tensorcat_sig_0cdeb1de27a7 |      28419 |      28419 |       0 |    0 |  27443 |      0 |      0 |        108 |
|         argmax_instance                        |                                                                                                                  livt_ml_classifier_streamingargmax |        518 |        518 |       0 |    0 |    377 |      0 |      0 |          0 |
|         divider_instance                       |                                                                                       livt_math_arithmetic_unsigneddivision_g_31_sig_00e979e2352c_2 |        399 |        399 |       0 |    0 |    335 |      0 |      0 |          0 |
|         math_instance                          |                                                                                         livt_math_arithmetic_widearithmetic_g_24_sig_7b747384b987_3 |       4978 |       4978 |       0 |    0 |   3122 |      0 |      0 |         20 |
|           (math_instance)                      |                                                                                         livt_math_arithmetic_widearithmetic_g_24_sig_7b747384b987_3 |       3819 |       3819 |       0 |    0 |   2693 |      0 |      0 |          0 |
|           primitive_instance                   |                                                                                                      livt_math_arithmetic_widearithmeticprimitive_4 |       1159 |       1159 |       0 |    0 |    429 |      0 |      0 |         20 |
|       tables_instance                          |                                                                            livt_onnx_flant5_flant5tables_g_flant5ddrmemory_1000000_sig_da4b51b1811d |       4095 |       4095 |       0 |    0 |   2651 |      0 |      0 |         20 |
|         (tables_instance)                      |                                                                            livt_onnx_flant5_flant5tables_g_flant5ddrmemory_1000000_sig_da4b51b1811d |        492 |        492 |       0 |    0 |    840 |      0 |      0 |          0 |
|         math_instance                          |                                                                                         livt_math_arithmetic_widearithmetic_g_24_sig_7b747384b987_0 |       3603 |       3603 |       0 |    0 |   1811 |      0 |      0 |         20 |
|           (math_instance)                      |                                                                                         livt_math_arithmetic_widearithmetic_g_24_sig_7b747384b987_0 |       2588 |       2588 |       0 |    0 |   1446 |      0 |      0 |          0 |
|           primitive_instance                   |                                                                                                      livt_math_arithmetic_widearithmeticprimitive_1 |       1015 |       1015 |       0 |    0 |    365 |      0 |      0 |         20 |
|       weights_instance                         |                                   livt_ml_storage_quantizedtensorweights_g_24_12_20_64_flant5tensorcatalog_flant5ddrmemory_1000000_sig_589ea1226755 |       7292 |       7292 |       0 |    0 |   6384 |      0 |      0 |         24 |
|         (weights_instance)                     |                                   livt_ml_storage_quantizedtensorweights_g_24_12_20_64_flant5tensorcatalog_flant5ddrmemory_1000000_sig_589ea1226755 |       2003 |       2003 |       0 |    0 |   2204 |      0 |      0 |          4 |
|         divider_instance                       |                                                                                         livt_math_arithmetic_unsigneddivision_g_31_sig_00e979e2352c |        721 |        721 |       0 |    0 |    438 |      0 |      0 |          0 |
|         fixed_instance                         |                                                                                          livt_ml_numeric_fixedpointmath_g_24_12_20_sig_b35f49cb7ed6 |       4570 |       4570 |       0 |    0 |   3742 |      0 |      0 |         20 |
|           (fixed_instance)                     |                                                                                          livt_ml_numeric_fixedpointmath_g_24_12_20_sig_b35f49cb7ed6 |        581 |        581 |       0 |    0 |   1254 |      0 |      0 |          0 |
|           math_instance                        |                                                                                           livt_math_arithmetic_widearithmetic_g_24_sig_7b747384b987 |       3989 |       3989 |       0 |    0 |   2488 |      0 |      0 |         20 |
|             (math_instance)                    |                                                                                           livt_math_arithmetic_widearithmetic_g_24_sig_7b747384b987 |       2808 |       2808 |       0 |    0 |   2059 |      0 |      0 |          0 |
|             primitive_instance                 |                                                                                                        livt_math_arithmetic_widearithmeticprimitive |       1181 |       1181 |       0 |    0 |    429 |      0 |      0 |         20 |
|     service_instance                           |                  livt_onnx_flant5_flant5service_g_flant5flashreader_1000000_flant5ddrmemory_1000000_flant5bootimage_flant5generati_sig_9e54b8c129e5 |       6502 |       6502 |       0 |    0 |   6397 |      0 |      0 |          8 |
|       (service_instance)                       |                  livt_onnx_flant5_flant5service_g_flant5flashreader_1000000_flant5ddrmemory_1000000_flant5bootimage_flant5generati_sig_9e54b8c129e5 |       1976 |       1976 |       0 |    0 |   1326 |      0 |      0 |          0 |
|       loader_instance                          |                                  livt_onnx_flant5_flant5loader_g_flant5flashreader_1000000_flant5ddrmemory_1000000_flant5bootimage_sig_38fffdd6a53b |       4526 |       4526 |       0 |    0 |   5071 |      0 |      0 |          8 |
|         (loader_instance)                      |                                  livt_onnx_flant5_flant5loader_g_flant5flashreader_1000000_flant5ddrmemory_1000000_flant5bootimage_sig_38fffdd6a53b |       4382 |       4382 |       0 |    0 |   4962 |      0 |      0 |          8 |
|         crc_instance                           |                                                                                                                        livt_onnx_flant5_flant5crc32 |        146 |        146 |       0 |    0 |    109 |      0 |      0 |          0 |
|     uart_instance                              |                            livt_io_buffereduart_g_512_64_enum_uartdatabits_eight_enum_uartparity_none_enum_uartstopbits_one_115200_sig_c128f7e758a8 |       6928 |       6928 |       0 |    0 |   5897 |      0 |      0 |          0 |
|       (uart_instance)                          |                            livt_io_buffereduart_g_512_64_enum_uartdatabits_eight_enum_uartparity_none_enum_uartstopbits_one_115200_sig_c128f7e758a8 |        775 |        775 |       0 |    0 |    869 |      0 |      0 |          0 |
|       receiver_instance                        |                                                                                                   livt_collections_fifo_g_byte_512_sig_689dc5d0a231 |       5398 |       5398 |       0 |    0 |   4226 |      0 |      0 |          0 |
|       transmitter_instance                     |                                                                                                    livt_collections_fifo_g_byte_64_sig_6ff583d61ba4 |        545 |        545 |       0 |    0 |    546 |      0 |      0 |          0 |
|       uart_instance                            |                                           livt_io_uart_g_enum_uartdatabits_eight_enum_uartparity_none_enum_uartstopbits_one_115200_sig_5fda7ed380a6 |        212 |        212 |       0 |    0 |    256 |      0 |      0 |          0 |
|         receiver_instance                      |                                   livt_io_uartreceiver_g_enum_uartdatabits_eight_enum_uartparity_none_enum_uartstopbits_one_115200_sig_fb900d69933d |        154 |        154 |       0 |    0 |    194 |      0 |      0 |          0 |
|         transmitter_instance                   |                                livt_io_uarttransmitter_g_enum_uartdatabits_eight_enum_uartparity_none_enum_uartstopbits_one_115200_sig_c206b34b4808 |         58 |         58 |       0 |    0 |     62 |      0 |      0 |          0 |
|     watchdog_instance                          |                                                                                livt_onnx_flant5_flant5watchdog_g_50000000_600_1800_sig_f1ea5dffd467 |        108 |        108 |       0 |    0 |    104 |      0 |      0 |          0 |
+------------------------------------------------+-----------------------------------------------------------------------------------------------------------------------------------------------------+------------+------------+---------+------+--------+--------+--------+------------+
* Note: The sum of lower-level cells may be larger than their parent cells total, due to cross-hierarchy LUT combining


