Copyright 1986-2022 Xilinx, Inc. All Rights Reserved. Copyright 2022-2026 Advanced Micro Devices, Inc. All Rights Reserved.
---------------------------------------------------------------------------------------------------------------------------------------------
| Tool Version : Vivado v.2026.1 (lin64) Build 6511674 Tue Jun 16 11:01:26 MDT 2026
| Date         : Wed Sep 30 17:27:53 2026
| Host         : vagrant-devbox running 64-bit Ubuntu 24.04.4 LTS
| Command      : report_timing_summary -check_timing_verbose -report_unconstrained -file routed_timing.rpt
| Design       : bench
| Device       : 7a200t-fbg676
| Speed File   : -1  PRODUCTION 1.23 2018-06-13
| Design State : Routed
---------------------------------------------------------------------------------------------------------------------------------------------

Timing Summary Report

------------------------------------------------------------------------------------------------
| Timer Settings
| --------------
------------------------------------------------------------------------------------------------

  Enable Multi Corner Analysis               :  Yes
  Enable Pessimism Removal                   :  Yes
  Pessimism Removal Resolution               :  Nearest Common Node
  Enable Input Delay Default Clock           :  No
  Enable Preset / Clear Arcs                 :  No
  Disable Flight Delays                      :  No
  Ignore I/O Paths                           :  No
  Timing Early Launch at Borrowing Latches   :  No
  Borrow Time for Max Delay Exceptions       :  Yes
  Merge Timing Exceptions                    :  Yes
  Inter-SLR Compensation                     :  Conservative

  Corner  Analyze    Analyze    
  Name    Max Paths  Min Paths  
  ------  ---------  ---------  
  Slow    Yes        Yes        
  Fast    Yes        Yes        


------------------------------------------------------------------------------------------------
| Report Methodology
| ------------------
------------------------------------------------------------------------------------------------

No report available as report_methodology has not been run prior. Run report_methodology on the current design for the summary of methodology violations.



check_timing report

Table of Contents
-----------------
1. checking no_clock (0)
2. checking constant_clock (0)
3. checking pulse_width_clock (0)
4. checking unconstrained_internal_endpoints (0)
5. checking no_input_delay (0)
6. checking no_output_delay (0)
7. checking multiple_clock (0)
8. checking generated_clocks (0)
9. checking loops (0)
10. checking partial_input_delay (0)
11. checking partial_output_delay (0)
12. checking latch_loops (0)

1. checking no_clock (0)
------------------------
 There are 0 register/latch pins with no clock.


2. checking constant_clock (0)
------------------------------
 There are 0 register/latch pins with constant_clock.


3. checking pulse_width_clock (0)
---------------------------------
 There are 0 register/latch pins which need pulse_width check


4. checking unconstrained_internal_endpoints (0)
------------------------------------------------
 There are 0 pins that are not constrained for maximum delay.

 There are 0 pins that are not constrained for maximum delay due to constant clock.


5. checking no_input_delay (0)
------------------------------
 There are 0 input ports with no input delay specified.

 There are 0 input ports with no input delay but user has a false path constraint.


6. checking no_output_delay (0)
-------------------------------
 There are 0 ports with no output delay specified.

 There are 0 ports with no output delay but user has a false path constraint

 There are 0 ports with no output delay but with a timing clock defined on it or propagating through it


7. checking multiple_clock (0)
------------------------------
 There are 0 register/latch pins with multiple clocks.


8. checking generated_clocks (0)
--------------------------------
 There are 0 generated clocks that are not connected to a clock source.


9. checking loops (0)
---------------------
 There are 0 combinational loops in the design.


10. checking partial_input_delay (0)
------------------------------------
 There are 0 input ports with partial input delay specified.


11. checking partial_output_delay (0)
-------------------------------------
 There are 0 ports with partial output delay specified.


12. checking latch_loops (0)
----------------------------
 There are 0 combinational latch loops in the design through latch input



------------------------------------------------------------------------------------------------
| Design Timing Summary
| ---------------------
------------------------------------------------------------------------------------------------

    WNS(ns)      TNS(ns)  TNS Failing Endpoints  TNS Total Endpoints      WHS(ns)      THS(ns)  THS Failing Endpoints  THS Total Endpoints     WPWS(ns)     TPWS(ns)  TPWS Failing Endpoints  TPWS Total Endpoints  
    -------      -------  ---------------------  -------------------      -------      -------  ---------------------  -------------------     --------     --------  ----------------------  --------------------  
     -3.990     -219.367                     65                 1217       -1.555     -682.490                    625                 1217        9.500        0.000                       0                   430  


Timing constraints are not met.


------------------------------------------------------------------------------------------------
| Clock Summary
| -------------
------------------------------------------------------------------------------------------------

Clock  Waveform(ns)       Period(ns)      Frequency(MHz)
-----  ------------       ----------      --------------
clock  {0.000 10.000}     20.000          50.000          


------------------------------------------------------------------------------------------------
| Intra Clock Table
| -----------------
------------------------------------------------------------------------------------------------

Clock             WNS(ns)      TNS(ns)  TNS Failing Endpoints  TNS Total Endpoints      WHS(ns)      THS(ns)  THS Failing Endpoints  THS Total Endpoints     WPWS(ns)     TPWS(ns)  TPWS Failing Endpoints  TPWS Total Endpoints  
-----             -------      -------  ---------------------  -------------------      -------      -------  ---------------------  -------------------     --------     --------  ----------------------  --------------------  
clock              -3.990     -219.367                     65                 1217       -1.555     -682.490                    625                 1217        9.500        0.000                       0                   430  


------------------------------------------------------------------------------------------------
| Inter Clock Table
| -----------------
------------------------------------------------------------------------------------------------

From Clock    To Clock          WNS(ns)      TNS(ns)  TNS Failing Endpoints  TNS Total Endpoints      WHS(ns)      THS(ns)  THS Failing Endpoints  THS Total Endpoints  
----------    --------          -------      -------  ---------------------  -------------------      -------      -------  ---------------------  -------------------  


------------------------------------------------------------------------------------------------
| Other Path Groups Table
| -----------------------
------------------------------------------------------------------------------------------------

Path Group    From Clock    To Clock          WNS(ns)      TNS(ns)  TNS Failing Endpoints  TNS Total Endpoints      WHS(ns)      THS(ns)  THS Failing Endpoints  THS Total Endpoints  
----------    ----------    --------          -------      -------  ---------------------  -------------------      -------      -------  ---------------------  -------------------  


------------------------------------------------------------------------------------------------
| User Ignored Path Table
| -----------------------
------------------------------------------------------------------------------------------------

Path Group    From Clock    To Clock    
----------    ----------    --------    


------------------------------------------------------------------------------------------------
| Unconstrained Path Table
| ------------------------
------------------------------------------------------------------------------------------------

Path Group    From Clock    To Clock    
----------    ----------    --------    


------------------------------------------------------------------------------------------------
| Timing Details
| --------------
------------------------------------------------------------------------------------------------


---------------------------------------------------------------------------------------------------
From Clock:  clock
  To Clock:  clock

Setup :           65  Failing Endpoints,  Worst Slack       -3.990ns,  Total Violation     -219.367ns
Hold  :          625  Failing Endpoints,  Worst Slack       -1.555ns,  Total Violation     -682.490ns
PW    :            0  Failing Endpoints,  Worst Slack        9.500ns,  Total Violation        0.000ns
---------------------------------------------------------------------------------------------------


Max Delay Paths
--------------------------------------------------------------------------------------
Slack (VIOLATED) :        -3.990ns  (required time - arrival time)
  Source:                 a[16]
                            (input port clocked by clock  {rise@0.000ns fall@10.000ns period=20.000ns})
  Destination:            dut/ctor_result_reg[20]/D
                            (rising edge-triggered cell FDRE clocked by clock  {rise@0.000ns fall@10.000ns period=20.000ns})
  Path Group:             clock
  Path Type:              Setup (Max at Slow Process Corner)
  Requirement:            20.000ns  (clock rise@20.000ns - clock rise@0.000ns)
  Data Path Delay:        20.687ns  (logic 13.156ns (63.597%)  route 7.531ns (36.403%))
  Logic Levels:           29  (CARRY4=18 DSP48E1=4 LUT3=1 LUT4=1 LUT5=1 LUT6=4)
  Input Delay:            5.000ns
  Clock Path Skew:        1.655ns (DCD - SCD + CPR)
    Destination Clock Delay (DCD):    1.655ns = ( 21.655 - 20.000 ) 
    Source Clock Delay      (SCD):    0.000ns
    Clock Pessimism Removal (CPR):    0.000ns
  Clock Uncertainty:      0.035ns  ((TSJ^2 + TIJ^2)^1/2 + DJ) / 2 + PE
    Total System Jitter     (TSJ):    0.071ns
    Total Input Jitter      (TIJ):    0.000ns
    Discrete Jitter          (DJ):    0.000ns
    Phase Error              (PE):    0.000ns

    Location             Delay type                Incr(ns)  Path(ns)    Netlist Resource(s)
  -------------------------------------------------------------------    -------------------
                         (clock clock rise edge)      0.000     0.000 r  <hidden>
                         input delay                  5.000     5.000    <hidden>
                                                      0.000     5.000 r  a[16]
                         net (fo=9, unset)            0.973     5.973    dut/a[16]
    DSP48_X0Y28          DSP48E1 (Prop_dsp48e1_A[16]_PCOUT[47])
                                                      4.036    10.009 r  dut/ARG__11/PCOUT[47]
                         net (fo=1, routed)           0.002    10.011    dut/ARG__11_n_106
    DSP48_X0Y29          DSP48E1 (Prop_dsp48e1_PCIN[47]_PCOUT[47])
                                                      1.713    11.724 r  dut/ARG__12/PCOUT[47]
                         net (fo=1, routed)           0.056    11.780    dut/ARG__12_n_106
    DSP48_X0Y30          DSP48E1 (Prop_dsp48e1_PCIN[47]_PCOUT[47])
                                                      1.713    13.493 r  dut/ARG__13/PCOUT[47]
                         net (fo=1, routed)           0.002    13.495    dut/ARG__13_n_106
    DSP48_X0Y31          DSP48E1 (Prop_dsp48e1_PCIN[47]_P[47])
                                                      1.518    15.013 r  dut/ARG__14/P[47]
                         net (fo=4, routed)           1.282    16.295    dut/p_3_in[81]
    SLICE_X13Y92         LUT5 (Prop_lut5_I1_O)        0.124    16.419 f  dut/ctor_result[62]_i_205/O
                         net (fo=2, routed)           0.164    16.582    dut/ctor_result[62]_i_205_n_0
    SLICE_X13Y92         LUT3 (Prop_lut3_I2_O)        0.124    16.706 r  dut/ctor_result[62]_i_201/O
                         net (fo=2, routed)           0.365    17.072    dut/ctor_result[62]_i_201_n_0
    SLICE_X12Y92         LUT6 (Prop_lut6_I0_O)        0.124    17.196 r  dut/ctor_result[62]_i_137/O
                         net (fo=2, routed)           0.509    17.704    dut/ctor_result[62]_i_137_n_0
    SLICE_X11Y92         CARRY4 (Prop_carry4_DI[3]_CO[3])
                                                      0.385    18.089 r  dut/ctor_result_reg[62]_i_104/CO[3]
                         net (fo=1, routed)           0.000    18.089    dut/ctor_result_reg[62]_i_104_n_0
    SLICE_X11Y93         CARRY4 (Prop_carry4_CI_CO[3])
                                                      0.114    18.203 r  dut/ctor_result_reg[62]_i_75/CO[3]
                         net (fo=1, routed)           0.000    18.203    dut/ctor_result_reg[62]_i_75_n_0
    SLICE_X11Y94         CARRY4 (Prop_carry4_CI_CO[3])
                                                      0.114    18.317 r  dut/ctor_result_reg[62]_i_74/CO[3]
                         net (fo=1, routed)           0.000    18.317    dut/ctor_result_reg[62]_i_74_n_0
    SLICE_X11Y95         CARRY4 (Prop_carry4_CI_CO[3])
                                                      0.114    18.431 r  dut/ctor_result_reg[62]_i_73/CO[3]
                         net (fo=1, routed)           0.000    18.431    dut/ctor_result_reg[62]_i_73_n_0
    SLICE_X11Y96         CARRY4 (Prop_carry4_CI_CO[3])
                                                      0.114    18.545 r  dut/ctor_result_reg[62]_i_47/CO[3]
                         net (fo=1, routed)           0.000    18.545    dut/ctor_result_reg[62]_i_47_n_0
    SLICE_X11Y97         CARRY4 (Prop_carry4_CI_CO[3])
                                                      0.114    18.659 r  dut/ctor_result_reg[62]_i_46/CO[3]
                         net (fo=1, routed)           0.000    18.659    dut/ctor_result_reg[62]_i_46_n_0
    SLICE_X11Y98         CARRY4 (Prop_carry4_CI_CO[3])
                                                      0.114    18.773 r  dut/ctor_result_reg[62]_i_45/CO[3]
                         net (fo=1, routed)           0.000    18.773    dut/ctor_result_reg[62]_i_45_n_0
    SLICE_X11Y99         CARRY4 (Prop_carry4_CI_CO[3])
                                                      0.114    18.887 r  dut/ctor_result_reg[62]_i_32/CO[3]
                         net (fo=1, routed)           0.001    18.888    dut/ctor_result_reg[62]_i_32_n_0
    SLICE_X11Y100        CARRY4 (Prop_carry4_CI_CO[3])
                                                      0.114    19.002 r  dut/ctor_result_reg[62]_i_31/CO[3]
                         net (fo=1, routed)           0.000    19.002    dut/ctor_result_reg[62]_i_31_n_0
    SLICE_X11Y101        CARRY4 (Prop_carry4_CI_CO[3])
                                                      0.114    19.116 r  dut/ctor_result_reg[62]_i_30/CO[3]
                         net (fo=1, routed)           0.000    19.116    dut/ctor_result_reg[62]_i_30_n_0
    SLICE_X11Y102        CARRY4 (Prop_carry4_CI_CO[3])
                                                      0.114    19.230 r  dut/ctor_result_reg[62]_i_24/CO[3]
                         net (fo=1, routed)           0.000    19.230    dut/ctor_result_reg[62]_i_24_n_0
    SLICE_X11Y103        CARRY4 (Prop_carry4_CI_O[2])
                                                      0.239    19.469 r  dut/ctor_result_reg[62]_i_23/O[2]
                         net (fo=22, routed)          0.771    20.240    dut/RESIZE[63]
    SLICE_X10Y97         LUT4 (Prop_lut4_I1_O)        0.302    20.542 r  dut/ctor_result[62]_i_102/O
                         net (fo=1, routed)           0.000    20.542    dut/ctor_result[62]_i_102_n_0
    SLICE_X10Y97         CARRY4 (Prop_carry4_S[1]_CO[3])
                                                      0.533    21.075 r  dut/ctor_result_reg[62]_i_68/CO[3]
                         net (fo=1, routed)           0.000    21.075    dut/ctor_result_reg[62]_i_68_n_0
    SLICE_X10Y98         CARRY4 (Prop_carry4_CI_CO[3])
                                                      0.117    21.192 r  dut/ctor_result_reg[62]_i_40/CO[3]
                         net (fo=1, routed)           0.000    21.192    dut/ctor_result_reg[62]_i_40_n_0
    SLICE_X10Y99         CARRY4 (Prop_carry4_CI_CO[3])
                                                      0.117    21.309 r  dut/ctor_result_reg[62]_i_25/CO[3]
                         net (fo=1, routed)           0.001    21.310    dut/ctor_result_reg[62]_i_25_n_0
    SLICE_X10Y100        CARRY4 (Prop_carry4_CI_CO[3])
                                                      0.117    21.427 r  dut/ctor_result_reg[62]_i_18/CO[3]
                         net (fo=1, routed)           0.000    21.427    dut/ctor_result_reg[62]_i_18_n_0
    SLICE_X10Y101        CARRY4 (Prop_carry4_CI_CO[3])
                                                      0.117    21.544 r  dut/ctor_result_reg[62]_i_15/CO[3]
                         net (fo=1, routed)           0.000    21.544    dut/ctor_result_reg[62]_i_15_n_0
    SLICE_X10Y102        CARRY4 (Prop_carry4_CI_CO[1])
                                                      0.157    21.701 f  dut/ctor_result_reg[62]_i_14/CO[1]
                         net (fo=2, routed)           0.693    22.393    dut/data0
    SLICE_X10Y104        LUT6 (Prop_lut6_I2_O)        0.332    22.725 f  dut/ctor_result[62]_i_4/O
                         net (fo=64, routed)          1.108    23.834    dut/ctor_result[62]_i_4_n_0
    SLICE_X16Y105        LUT6 (Prop_lut6_I0_O)        0.124    23.958 r  dut/ctor_result[20]_i_2/O
                         net (fo=1, routed)           1.605    25.563    dut/ctor_result[20]_i_2_n_0
    SLICE_X16Y105        LUT6 (Prop_lut6_I5_O)        0.124    25.687 r  dut/ctor_result[20]_i_1/O
                         net (fo=1, routed)           0.000    25.687    dut/ctor_result[20]_i_1_n_0
    SLICE_X16Y105        FDRE                                         r  dut/ctor_result_reg[20]/D
  -------------------------------------------------------------------    -------------------

                         (clock clock rise edge)     20.000    20.000 r  <hidden>
                                                      0.000    20.000 r  clk
                         net (fo=429, unset)          1.655    21.655    dut/clk
    SLICE_X16Y105        FDRE                                         r  dut/ctor_result_reg[20]/C
                         clock pessimism              0.000    21.655    <hidden>
                         clock uncertainty           -0.035    21.620    <hidden>
    SLICE_X16Y105        FDRE (Setup_fdre_C_D)        0.077    21.697    dut/ctor_result_reg[20]
  -------------------------------------------------------------------
                         required time                         21.697    <hidden>
                         arrival time                         -25.687    <hidden>
  -------------------------------------------------------------------
                         slack                                 -3.990    <hidden>





Min Delay Paths
--------------------------------------------------------------------------------------
Slack (VIOLATED) :        -1.555ns  (arrival time - required time)
  Source:                 b[39]
                            (input port clocked by clock  {rise@0.000ns fall@10.000ns period=20.000ns})
  Destination:            dut/divisor_reg[39]/D
                            (rising edge-triggered cell FDRE clocked by clock  {rise@0.000ns fall@10.000ns period=20.000ns})
  Path Group:             clock
  Path Type:              Hold (Min at Slow Process Corner)
  Requirement:            0.000ns  (clock rise@0.000ns - clock rise@0.000ns)
  Data Path Delay:        0.924ns  (logic 0.000ns (0.000%)  route 0.924ns (100.000%))
  Logic Levels:           0  
  Input Delay:            0.000ns
  Clock Path Skew:        2.026ns (DCD - SCD - CPR)
    Destination Clock Delay (DCD):    2.026ns
    Source Clock Delay      (SCD):    0.000ns
    Clock Pessimism Removal (CPR):    -0.000ns
  Clock Uncertainty:      0.035ns  ((TSJ^2 + TIJ^2)^1/2 + DJ) / 2 + PE
    Total System Jitter     (TSJ):    0.071ns
    Total Input Jitter      (TIJ):    0.000ns
    Discrete Jitter          (DJ):    0.000ns
    Phase Error              (PE):    0.000ns

    Location             Delay type                Incr(ns)  Path(ns)    Netlist Resource(s)
  -------------------------------------------------------------------    -------------------
                         (clock clock rise edge)      0.000     0.000 r  <hidden>
                         input delay                  0.000     0.000    <hidden>
                                                      0.000     0.000 r  b[39]
                         net (fo=6, unset)            0.924     0.924    dut/b[39]
    SLICE_X6Y97          FDRE                                         r  dut/divisor_reg[39]/D
  -------------------------------------------------------------------    -------------------

                         (clock clock rise edge)      0.000     0.000 r  <hidden>
                                                      0.000     0.000 r  clk
                         net (fo=429, unset)          2.026     2.026    dut/clk
    SLICE_X6Y97          FDRE                                         r  dut/divisor_reg[39]/C
                         clock pessimism              0.000     2.026    <hidden>
                         clock uncertainty            0.035     2.061    <hidden>
    SLICE_X6Y97          FDRE (Hold_fdre_C_D)         0.418     2.479    dut/divisor_reg[39]
  -------------------------------------------------------------------
                         required time                         -2.479    <hidden>
                         arrival time                           0.924    <hidden>
  -------------------------------------------------------------------
                         slack                                 -1.555    <hidden>





Pulse Width Checks
--------------------------------------------------------------------------------------
Clock Name:         clock
Waveform(ns):       { 0.000 10.000 }
Period(ns):         20.000
Sources:            { clk }

Check Type        Corner  Lib Pin  Reference Pin  Required(ns)  Actual(ns)  Slack(ns)  Location      Pin
Min Period        n/a     FDRE/C   n/a            1.000         20.000      19.000     SLICE_X4Y107  dut/ctor_acknowledge_reg/C
Low Pulse Width   Slow    FDRE/C   n/a            0.500         10.000      9.500      SLICE_X4Y107  dut/ctor_acknowledge_reg/C
High Pulse Width  Slow    FDRE/C   n/a            0.500         10.000      9.500      SLICE_X4Y107  dut/ctor_acknowledge_reg/C



